###############################################################################
#
# IAR ELF Linker V8.40.2.214/W32 for ARM                  09/May/2022  14:12:00
# Copyright 2007-2019 IAR Systems AB.
#
#    Output file  =
#        D:\Nikolaos\My Documents\IAR
#        projects\CourseWork-main2\CourseWorkIARproject\Debug\Exe\iarproject.out
#    Map file     =
#        D:\Nikolaos\My Documents\IAR
#        projects\CourseWork-main2\CourseWorkIARproject\Debug\List\iarproject.map
#    Command line =
#        -f C:\Users\Nikolaos\AppData\Local\Temp\EWE7C3.tmp ("D:\Nikolaos\My
#        Documents\IAR
#        projects\CourseWork-main2\CourseWorkIARproject\Debug\Obj\croutine.o"
#        "D:\Nikolaos\My Documents\IAR
#        projects\CourseWork-main2\CourseWorkIARproject\Debug\Obj\event_groups.o"
#        "D:\Nikolaos\My Documents\IAR
#        projects\CourseWork-main2\CourseWorkIARproject\Debug\Obj\font24.o"
#        "D:\Nikolaos\My Documents\IAR
#        projects\CourseWork-main2\CourseWorkIARproject\Debug\Obj\font48.o"
#        "D:\Nikolaos\My Documents\IAR
#        projects\CourseWork-main2\CourseWorkIARproject\Debug\Obj\irqcontroller.o"
#        "D:\Nikolaos\My Documents\IAR
#        projects\CourseWork-main2\CourseWorkIARproject\Debug\Obj\list.o"
#        "D:\Nikolaos\My Documents\IAR
#        projects\CourseWork-main2\CourseWorkIARproject\Debug\Obj\main.o"
#        "D:\Nikolaos\My Documents\IAR
#        projects\CourseWork-main2\CourseWorkIARproject\Debug\Obj\port.o"
#        "D:\Nikolaos\My Documents\IAR
#        projects\CourseWork-main2\CourseWorkIARproject\Debug\Obj\portasm.o"
#        "D:\Nikolaos\My Documents\IAR
#        projects\CourseWork-main2\CourseWorkIARproject\Debug\Obj\queue.o"
#        "D:\Nikolaos\My Documents\IAR
#        projects\CourseWork-main2\CourseWorkIARproject\Debug\Obj\startupF411RE.o"
#        "D:\Nikolaos\My Documents\IAR
#        projects\CourseWork-main2\CourseWorkIARproject\Debug\Obj\tasks.o"
#        "D:\Nikolaos\My Documents\IAR
#        projects\CourseWork-main2\CourseWorkIARproject\Debug\Obj\timers.o"
#        --no_out_extension -o "D:\Nikolaos\My Documents\IAR
#        projects\CourseWork-main2\CourseWorkIARproject\Debug\Exe\iarproject.out"
#        --map "D:\Nikolaos\My Documents\IAR
#        projects\CourseWork-main2\CourseWorkIARproject\Debug\List\iarproject.map"
#        --log
#        libraries,initialization,modules,redirects,sections,veneers,unused_fragments,call_graph
#        --log_file "D:\Nikolaos\My Documents\IAR
#        projects\CourseWork-main2\CourseWorkIARproject\Debug\List\iarproject.log"
#        --config "D:\Nikolaos\My Documents\IAR
#        projects\CourseWork-main2\CourseWorkIARproject\stm32f411xE.icf"
#        --semihosting --entry __iar_program_start --vfe --text_out locale)
#
###############################################################################

*******************************************************************************
*** RUNTIME MODEL ATTRIBUTES
***

CppFlavor                     = *
__CPP_Exceptions              = Disabled
__CPP_Language                = C++14
__Heap_Handler                = DLMalloc
__SystemLibrary               = DLib
__dlib_dynamic_initialization = normal
__dlib_version                = 6


*******************************************************************************
*** HEAP SELECTION
***

The advanced heap was selected because the application calls memory
allocation functions outside of system library functions, and there
are calls to deallocation functions in the application.


*******************************************************************************
*** PLACEMENT SUMMARY
***

"A0":  place at address 0x800'0000 { ro section .intvec };
"P1":  place in [from 0x800'0000 to 0x807'ffff] { ro };
define block CSTACK with size = 4K, alignment = 8 { };
define block HEAP with size = 0, alignment = 8 { };
"P2":  place in [from 0x2000'0000 to 0x2001'ffff] {
          rw, block CSTACK, block HEAP };
initialize by copy { rw };

  Section                Kind         Address    Size  Object
  -------                ----         -------    ----  ------
"A0":                                           0x198
  .intvec                const     0x800'0000   0x198  startupF411RE.o [1]
                                 - 0x800'0198   0x198

"P1":                                          0xe265
  .rodata                const     0x800'0198  0x3a98  main.o [1]
  .rodata                const     0x800'3c30  0x1c80  main.o [1]
  .text                  ro code   0x800'58b0  0x149c  dlmalloc.o [2]
  .text                  ro code   0x800'6d4c     0x6  abort.o [2]
  .text                  ro code   0x800'6d52    0x3a  zero_init3.o [5]
  .text                  ro code   0x800'6d8c    0x2c  xgetmemchunk.o [2]
  .text                  ro code   0x800'6db8    0x14  exit.o [6]
  .text                  ro code   0x800'6dcc   0xdaa  xprintflarge_nomb.o [2]
  .text                  ro code   0x800'7b76     0xa  main.o [1]
  .text                  ro code   0x800'7b80    0x16  strchr.o [5]
  .text                  ro code   0x800'7b96     0xa  xsprout.o [2]
  .text                  ro code   0x800'7ba0    0x40  xfail_s.o [2]
  .text                  ro code   0x800'7be0    0x36  strlen.o [5]
  .rodata                const     0x800'7c16     0x2  main.o [1]
  .text                  ro code   0x800'7c18    0x58  memchr.o [5]
  .text                  ro code   0x800'7c70    0xa6  ABImemcpy.o [5]
  .rodata                const     0x800'7d16     0x2  main.o [1]
  .text                  ro code   0x800'7d18    0x70  frexp.o [4]
  .text                  ro code   0x800'7d88   0x246  DblDiv.o [4]
  .rodata                const     0x800'7fce     0x2  main.o [1]
  .text                  ro code   0x800'7fd0    0x28  DblToU32.o [4]
  .text                  ro code   0x800'7ff8    0x1a  U32ToDbl.o [4]
  .rodata                const     0x800'8012     0x2  main.o [1]
  .text                  ro code   0x800'8014    0xe2  DblSub.o [4]
  .rodata                const     0x800'80f6     0x1  main.o [1]
  .rodata                const     0x800'80f7     0x1  unwind_debug.o [6]
  .text                  ro code   0x800'80f8   0x1a2  DblMul.o [4]
  .text                  ro code   0x800'829c   0x274  I64DivMod.o [5]
  .text                  ro code   0x800'8510   0x17a  DblAdd.o [4]
  .text                  ro code   0x800'868c     0x2  I64DivZer.o [5]
  .text                  ro code   0x800'8690   0x96c  tasks.o [1]
  .text                  ro code   0x800'8ffc    0x9a  list.o [1]
  .text                  ro code   0x800'9098   0x188  port.o [1]
  .text                  ro code   0x800'9220   0x414  timers.o [1]
  CODE                   ro code   0x800'9634    0xa8  portasm.o [1]
  .text                  ro code   0x800'96dc   0x688  queue.o [1]
  .text                  ro code   0x800'9d64   0x3e4  main.o [1]
  .text                  ro code   0x800'a148    0x26  main.o [1]
  .text                  ro code   0x800'a170    0x20  main.o [1]
  .text                  ro code   0x800'a190    0x24  main.o [1]
  .text                  ro code   0x800'a1b4    0x3c  main.o [1]
  .text                  ro code   0x800'a1f0     0xa  cxxabi.o [3]
  .text                  ro code   0x800'a1fa    0x12  main.o [1]
  .text                  ro code   0x800'a20c    0x30  main.o [1]
  .text                  ro code   0x800'a23c    0x14  main.o [1]
  .text                  ro code   0x800'a250    0x46  main.o [1]
  .text                  ro code   0x800'a296    0x2c  main.o [1]
  .text                  ro code   0x800'a2c4    0x1c  main.o [1]
  .text                  ro code   0x800'a2e0    0x34  main.o [1]
  .text                  ro code   0x800'a314    0x28  main.o [1]
  .text                  ro code   0x800'a33c    0x28  main.o [1]
  .text                  ro code   0x800'a364     0x6  main.o [1]
  .text                  ro code   0x800'a36a     0x6  main.o [1]
  .text                  ro code   0x800'a370     0x6  main.o [1]
  .text                  ro code   0x800'a376     0x6  main.o [1]
  .text                  ro code   0x800'a37c    0x14  main.o [1]
  .text                  ro code   0x800'a390    0x18  main.o [1]
  .text                  ro code   0x800'a3a8    0x10  main.o [1]
  .text                  ro code   0x800'a3b8    0x18  main.o [1]
  .text                  ro code   0x800'a3d0    0x14  main.o [1]
  .text                  ro code   0x800'a3e4    0x14  main.o [1]
  .text                  ro code   0x800'a3f8    0x14  main.o [1]
  .text                  ro code   0x800'a40c    0x14  main.o [1]
  .text                  ro code   0x800'a420    0x14  main.o [1]
  .text                  ro code   0x800'a434    0x14  main.o [1]
  .text                  ro code   0x800'a448    0x10  main.o [1]
  .text                  ro code   0x800'a458    0x14  main.o [1]
  .text                  ro code   0x800'a46c    0x10  main.o [1]
  .text                  ro code   0x800'a47c    0x10  main.o [1]
  .text                  ro code   0x800'a48c    0x10  main.o [1]
  .text                  ro code   0x800'a49c    0x10  main.o [1]
  .text                  ro code   0x800'a4ac    0x14  main.o [1]
  .text                  ro code   0x800'a4c0     0xc  main.o [1]
  .text                  ro code   0x800'a4cc    0x14  main.o [1]
  .text                  ro code   0x800'a4e0    0x10  main.o [1]
  .text                  ro code   0x800'a4f0    0x62  round.o [4]
  .text                  ro code   0x800'a554    0x3a  DblToS32.o [4]
  .text                  ro code   0x800'a590    0x34  main.o [1]
  .text                  ro code   0x800'a5c4    0x30  main.o [1]
  .text                  ro code   0x800'a5f4    0x14  main.o [1]
  .text                  ro code   0x800'a608    0x14  main.o [1]
  .text                  ro code   0x800'a61c    0x14  main.o [1]
  .text                  ro code   0x800'a630    0x10  main.o [1]
  .text                  ro code   0x800'a640    0x10  main.o [1]
  .text                  ro code   0x800'a650    0x14  main.o [1]
  .text                  ro code   0x800'a664    0x14  main.o [1]
  .text                  ro code   0x800'a678    0x14  main.o [1]
  .text                  ro code   0x800'a68c    0x14  main.o [1]
  .text                  ro code   0x800'a6a0    0x10  main.o [1]
  .text                  ro code   0x800'a6b0    0x10  main.o [1]
  .text                  ro code   0x800'a6c0    0x10  main.o [1]
  .text                  ro code   0x800'a6d0    0x34  main.o [1]
  .text                  ro code   0x800'a704    0x1c  main.o [1]
  .text                  ro code   0x800'a720    0x1c  main.o [1]
  .text                  ro code   0x800'a73c     0xc  main.o [1]
  .text                  ro code   0x800'a748    0x14  main.o [1]
  .text                  ro code   0x800'a75c    0x14  main.o [1]
  .text                  ro code   0x800'a770    0x14  main.o [1]
  .text                  ro code   0x800'a784    0x10  main.o [1]
  .text                  ro code   0x800'a794    0x10  main.o [1]
  .text                  ro code   0x800'a7a4    0x10  main.o [1]
  .text                  ro code   0x800'a7b4    0x14  main.o [1]
  .text                  ro code   0x800'a7c8    0x14  main.o [1]
  .text                  ro code   0x800'a7dc    0x10  main.o [1]
  .text                  ro code   0x800'a7ec    0x14  main.o [1]
  .text                  ro code   0x800'a800    0x14  main.o [1]
  .text                  ro code   0x800'a814    0x14  main.o [1]
  .text                  ro code   0x800'a828    0x1c  main.o [1]
  .text                  ro code   0x800'a844    0x18  main.o [1]
  .text                  ro code   0x800'a85c    0x10  main.o [1]
  .text                  ro code   0x800'a86c    0x68  main.o [1]
  .text                  ro code   0x800'a8d4    0x1a  main.o [1]
  .text                  ro code   0x800'a8ee    0x8e  main.o [1]
  .text                  ro code   0x800'a97c    0x68  main.o [1]
  .text                  ro code   0x800'a9e4    0x24  main.o [1]
  .text                  ro code   0x800'aa08    0x24  main.o [1]
  .text                  ro code   0x800'aa2c    0x22  main.o [1]
  .text                  ro code   0x800'aa4e    0x22  main.o [1]
  .text                  ro code   0x800'aa70     0x8  main.o [1]
  .text                  ro code   0x800'aa78     0xc  main.o [1]
  .text                  ro code   0x800'aa84     0xa  main.o [1]
  .text                  ro code   0x800'aa8e     0xc  main.o [1]
  .text                  ro code   0x800'aa9a    0x84  main.o [1]
  .text                  ro code   0x800'ab1e    0x18  main.o [1]
  .text                  ro code   0x800'ab36    0x3a  main.o [1]
  .text                  ro code   0x800'ab70    0x14  main.o [1]
  .text                  ro code   0x800'ab84    0xa0  cppinit.o [2]
  .text                  ro code   0x800'ac24     0xa  main.o [1]
  .text                  ro code   0x800'ac2e    0x20  main.o [1]
  .text                  ro code   0x800'ac4e     0x4  main.o [1]
  .text                  ro code   0x800'ac52     0xc  main.o [1]
  .text                  ro code   0x800'ac5e     0xc  main.o [1]
  .text                  ro code   0x800'ac6a     0xc  main.o [1]
  .text                  ro code   0x800'ac76     0xc  main.o [1]
  .text                  ro code   0x800'ac82     0xa  main.o [1]
  .text                  ro code   0x800'ac8c    0x24  ABIassert.o [6]
  .text                  ro code   0x800'acb0    0x48  main.o [1]
  .text                  ro code   0x800'acf8    0x3c  main.o [1]
  .text                  ro code   0x800'ad34    0x38  main.o [1]
  .text                  ro code   0x800'ad6c    0x2a  main.o [1]
  .text                  ro code   0x800'ad98    0x28  main.o [1]
  .text                  ro code   0x800'adc0    0x24  main.o [1]
  .text                  ro code   0x800'ade4    0x1a  main.o [1]
  .text                  ro code   0x800'ae00    0xd0  main.o [1]
  .text                  ro code   0x800'aed0    0x22  main.o [1]
  .text                  ro code   0x800'aef2     0x2  main.o [1]
  .text                  ro code   0x800'aef4    0x38  main.o [1]
  .text                  ro code   0x800'af2c    0x38  main.o [1]
  .text                  ro code   0x800'af64     0x2  main.o [1]
  .text                  ro code   0x800'af68    0x38  main.o [1]
  .text                  ro code   0x800'afa0    0x38  main.o [1]
  .text                  ro code   0x800'afd8     0x8  main.o [1]
  .text                  ro code   0x800'afe0     0xc  main.o [1]
  .text                  ro code   0x800'afec     0x8  main.o [1]
  .text                  ro code   0x800'aff4    0x1c  main.o [1]
  .text                  ro code   0x800'b010     0xe  main.o [1]
  .text                  ro code   0x800'b01e     0xc  main.o [1]
  .text                  ro code   0x800'b02a     0xc  main.o [1]
  .text                  ro code   0x800'b036    0x10  main.o [1]
  .text                  ro code   0x800'b046     0xc  main.o [1]
  .text                  ro code   0x800'b052    0x28  main.o [1]
  .text                  ro code   0x800'b07a    0x14  main.o [1]
  .text                  ro code   0x800'b08e    0x28  main.o [1]
  .text                  ro code   0x800'b0b6    0x16  main.o [1]
  .text                  ro code   0x800'b0cc    0x52  main.o [1]
  .text                  ro code   0x800'b11e     0xc  main.o [1]
  .text                  ro code   0x800'b12a    0x18  main.o [1]
  .text                  ro code   0x800'b142    0x7a  main.o [1]
  .text                  ro code   0x800'b1bc    0x5c  main.o [1]
  .text                  ro code   0x800'b218     0x8  main.o [1]
  .text                  ro code   0x800'b220     0x6  main.o [1]
  .text                  ro code   0x800'b226     0x6  main.o [1]
  .text                  ro code   0x800'b22c   0x210  event_groups.o [1]
  .text                  ro code   0x800'b43c     0xe  main.o [1]
  .text                  ro code   0x800'b44a    0x10  main.o [1]
  .text                  ro code   0x800'b45a     0xc  main.o [1]
  .text                  ro code   0x800'b466     0xe  main.o [1]
  .text                  ro code   0x800'b474     0x8  main.o [1]
  .text                  ro code   0x800'b47c     0x6  main.o [1]
  .text                  ro code   0x800'b482     0xc  main.o [1]
  .text                  ro code   0x800'b48e    0x48  main.o [1]
  .text                  ro code   0x800'b4d6     0x6  main.o [1]
  .text                  ro code   0x800'b4dc    0x2c  main.o [1]
  .text                  ro code   0x800'b508    0x2a  main.o [1]
  .text                  ro code   0x800'b532    0x6a  main.o [1]
  .text                  ro code   0x800'b59c     0xa  main.o [1]
  .text                  ro code   0x800'b5a6     0xa  main.o [1]
  .text                  ro code   0x800'b5b0     0xa  main.o [1]
  .text                  ro code   0x800'b5ba     0xa  main.o [1]
  .text                  ro code   0x800'b5c4    0x2c  main.o [1]
  .text                  ro code   0x800'b5f0     0xa  main.o [1]
  .text                  ro code   0x800'b5fa     0xa  main.o [1]
  .text                  ro code   0x800'b604    0x18  main.o [1]
  .text                  ro code   0x800'b61c     0xc  main.o [1]
  .text                  ro code   0x800'b628    0x14  main.o [1]
  .text                  ro code   0x800'b63c    0x1e  main.o [1]
  .text                  ro code   0x800'b65a     0xc  main.o [1]
  .text                  ro code   0x800'b666     0x2  main.o [1]
  .text                  ro code   0x800'b668    0x10  main.o [1]
  .text                  ro code   0x800'b678     0x2  main.o [1]
  .text                  ro code   0x800'b67a    0x12  main.o [1]
  .text                  ro code   0x800'b68c    0x10  main.o [1]
  .text                  ro code   0x800'b69c     0xe  main.o [1]
  .text                  ro code   0x800'b6aa     0x6  main.o [1]
  .text                  ro code   0x800'b6b0    0x32  main.o [1]
  .text                  ro code   0x800'b6e2    0x7c  main.o [1]
  .text                  ro code   0x800'b75e     0x2  main.o [1]
  .text                  ro code   0x800'b760     0x2  main.o [1]
  .text                  ro code   0x800'b762     0x2  main.o [1]
  .text                  ro code   0x800'b764     0xe  main.o [1]
  .text                  ro code   0x800'b772    0x22  main.o [1]
  .text                  ro code   0x800'b794    0x6a  main.o [1]
  .text                  ro code   0x800'b7fe    0x10  main.o [1]
  .text                  ro code   0x800'b80e    0x26  main.o [1]
  .text                  ro code   0x800'b834    0x14  main.o [1]
  .text                  ro code   0x800'b848     0xc  main.o [1]
  .text                  ro code   0x800'b854     0x8  main.o [1]
  .text                  ro code   0x800'b85c     0x8  main.o [1]
  .text                  ro code   0x800'b864    0x2a  main.o [1]
  .text                  ro code   0x800'b890    0x14  main.o [1]
  .text                  ro code   0x800'b8a4     0xc  main.o [1]
  .text                  ro code   0x800'b8b0     0x4  main.o [1]
  .text                  ro code   0x800'b8b4     0xa  main.o [1]
  .text                  ro code   0x800'b8be     0x8  main.o [1]
  .text                  ro code   0x800'b8c6     0x8  main.o [1]
  .text                  ro code   0x800'b8ce     0x2  main.o [1]
  .text                  ro code   0x800'b8d0     0x6  main.o [1]
  .text                  ro code   0x800'b8d6     0xc  main.o [1]
  .text                  ro code   0x800'b8e2     0xc  main.o [1]
  .text                  ro code   0x800'b8ee     0x4  main.o [1]
  .text                  ro code   0x800'b8f2     0x8  main.o [1]
  .text                  ro code   0x800'b8fa    0x14  main.o [1]
  .text                  ro code   0x800'b90e     0x2  main.o [1]
  .text                  ro code   0x800'b910     0xc  main.o [1]
  .text                  ro code   0x800'b91c     0xa  main.o [1]
  .text                  ro code   0x800'b926     0x2  main.o [1]
  .text                  ro code   0x800'b928     0x2  main.o [1]
  .text                  ro code   0x800'b92a     0xe  main.o [1]
  .text                  ro code   0x800'b938    0x16  main.o [1]
  .text                  ro code   0x800'b94e    0x1c  main.o [1]
  .text                  ro code   0x800'b96a    0xdc  main.o [1]
  .text                  ro code   0x800'ba46     0xe  main.o [1]
  .text                  ro code   0x800'ba54    0x28  main.o [1]
  .text                  ro code   0x800'ba7c     0xc  main.o [1]
  .text                  ro code   0x800'ba88    0x16  main.o [1]
  .text                  ro code   0x800'ba9e     0xa  main.o [1]
  .text                  ro code   0x800'baa8    0x10  main.o [1]
  .text                  ro code   0x800'bab8    0x14  main.o [1]
  .text                  ro code   0x800'bacc     0xc  main.o [1]
  .text                  ro code   0x800'bad8     0xc  main.o [1]
  .text                  ro code   0x800'bae4     0xc  main.o [1]
  .text                  ro code   0x800'baf0    0x14  main.o [1]
  .text                  ro code   0x800'bb04    0x14  main.o [1]
  .text                  ro code   0x800'bb18     0xc  main.o [1]
  .text                  ro code   0x800'bb24    0x14  main.o [1]
  .text                  ro code   0x800'bb38     0xa  main.o [1]
  .text                  ro code   0x800'bb42     0xa  delop_0.o [3]
  .text                  ro code   0x800'bb4c     0xc  main.o [1]
  .text                  ro code   0x800'bb58    0x10  main.o [1]
  .text                  ro code   0x800'bb68     0x2  main.o [1]
  .text                  ro code   0x800'bb6a    0x1a  main.o [1]
  .text                  ro code   0x800'bb84    0x96  ABImemmove.o [5]
  .text                  ro code   0x800'bc1a     0x2  main.o [1]
  .text                  ro code   0x800'bc1c    0x10  main.o [1]
  .text                  ro code   0x800'bc2c     0x4  heaptramp0.o [2]
  .text                  ro code   0x800'bc30     0xc  main.o [1]
  .text                  ro code   0x800'bc3c    0x12  main.o [1]
  .text                  ro code   0x800'bc4e     0x2  main.o [1]
  .text                  ro code   0x800'bc50    0x1a  main.o [1]
  .text                  ro code   0x800'bc6c     0xc  main.o [1]
  .text                  ro code   0x800'bc78     0x8  main.o [1]
  .text                  ro code   0x800'bc80    0x1a  main.o [1]
  .text                  ro code   0x800'bc9a    0x26  main.o [1]
  .text                  ro code   0x800'bcc0    0x24  newop_0.o [3]
  .text                  ro code   0x800'bce4     0x4  main.o [1]
  .text                  ro code   0x800'bce8     0x4  nomemory.o [3]
  .text                  ro code   0x800'bcec   0x1f0  main.o [1]
  .text                  ro code   0x800'bedc    0x66  ABImemset.o [5]
  .text                  ro code   0x800'bf44    0x58  S64ToFlt.o [4]
  .rodata                const     0x800'bf9c   0x178  main.o [1]
  .text                  ro code   0x800'c114   0x168  main.o [1]
  .text                  ro code   0x800'c27c     0x6  main.o [1]
  .text                  ro code   0x800'c284    0x94  main.o [1]
  .text                  ro code   0x800'c318     0x4  main.o [1]
  .text                  ro code   0x800'c31c   0x12c  main.o [1]
  .text                  ro code   0x800'c448     0xc  main.o [1]
  .text                  ro code   0x800'c454    0x40  sprintf.o [2]
  .text                  ro code   0x800'c494    0x18  main.o [1]
  .text                  ro code   0x800'c4ac    0x7c  main.o [1]
  .text                  ro code   0x800'c528     0xe  main.o [1]
  .text                  ro code   0x800'c538    0x34  main.o [1]
  .text                  ro code   0x800'c56c    0x10  main.o [1]
  .text                  ro code   0x800'c57c     0x8  main.o [1]
  .text                  ro code   0x800'c584    0x1a  main.o [1]
  .text                  ro code   0x800'c59e    0xba  main.o [1]
  .text                  ro code   0x800'c658    0x1a  main.o [1]
  .text                  ro code   0x800'c672    0x10  main.o [1]
  .text                  ro code   0x800'c682     0x2  main.o [1]
  .text                  ro code   0x800'c684    0xe4  main.o [1]
  .text                  ro code   0x800'c768    0x16  main.o [1]
  .text                  ro code   0x800'c77e     0xa  main.o [1]
  .text                  ro code   0x800'c788     0xc  main.o [1]
  .text                  ro code   0x800'c794    0x78  main.o [1]
  .text                  ro code   0x800'c80c     0xe  main.o [1]
  .text                  ro code   0x800'c81c    0x24  main.o [1]
  .text                  ro code   0x800'c840    0x14  main.o [1]
  .text                  ro code   0x800'c854     0xe  main.o [1]
  .text                  ro code   0x800'c862    0x54  main.o [1]
  .text                  ro code   0x800'c8b8    0xd0  main.o [1]
  .text                  ro code   0x800'c988    0x10  main.o [1]
  .text                  ro code   0x800'c998     0x8  main.o [1]
  .text                  ro code   0x800'c9a0     0x2  main.o [1]
  .text                  ro code   0x800'c9a4    0xc0  main.o [1]
  .text                  ro code   0x800'ca64    0xc0  main.o [1]
  .text                  ro code   0x800'cb24    0x28  strncat.o [2]
  .text                  ro code   0x800'cb4c    0x50  main.o [1]
  .text                  ro code   0x800'cb9c     0x8  main.o [1]
  .text                  ro code   0x800'cba4     0x8  main.o [1]
  .text                  ro code   0x800'cbac     0x2  main.o [1]
  .text                  ro code   0x800'cbae     0x8  main.o [1]
  .text                  ro code   0x800'cbb6     0x8  main.o [1]
  .text                  ro code   0x800'cbbe     0xa  main.o [1]
  .text                  ro code   0x800'cbc8    0x14  main.o [1]
  .text                  ro code   0x800'cbdc    0x14  main.o [1]
  .text                  ro code   0x800'cbf0     0xe  main.o [1]
  .text                  ro code   0x800'cc00    0x10  main.o [1]
  .text                  ro code   0x800'cc10    0xc0  logf.o [4]
  .rodata                const     0x800'ccd0    0x9c  main.o [1]
  .rodata                const     0x800'cd6c    0x9c  main.o [1]
  .rodata                const     0x800'ce08    0x9c  main.o [1]
  .text                  ro code   0x800'cea4    0x98  main.o [1]
  .text                  ro code   0x800'cf3c     0xa  main.o [1]
  .text                  ro code   0x800'cf48    0x7c  main.o [1]
  .text                  ro code   0x800'cfc4    0x7a  irqcontroller.o [1]
  .text                  ro code   0x800'd03e     0xe  irqcontroller.o [1]
  .text                  ro code   0x800'd04c     0x8  irqcontroller.o [1]
  .text                  ro code   0x800'd054     0x8  irqcontroller.o [1]
  .text                  ro code   0x800'd05c     0xc  irqcontroller.o [1]
  .text                  ro code   0x800'd068    0x10  irqcontroller.o [1]
  .text                  ro code   0x800'd078    0x18  irqcontroller.o [1]
  .text                  ro code   0x800'd090    0x78  lz77_init_single.o [5]
  .rodata                const     0x800'd108    0x74  main.o [1]
  .rodata                const     0x800'd17c    0x74  main.o [1]
  .rodata                const     0x800'd1f0    0x74  main.o [1]
  .rodata                const     0x800'd264    0x74  main.o [1]
  .rodata                const     0x800'd2d8    0x74  main.o [1]
  .rodata                const     0x800'd34c    0x74  main.o [1]
  .rodata                const     0x800'd3c0    0x74  main.o [1]
  .rodata                const     0x800'd434    0x6c  main.o [1]
  .rodata                const     0x800'd4a0    0x6c  main.o [1]
  .rodata                const     0x800'd50c    0x6c  main.o [1]
  .text                  ro code   0x800'd578    0x6c  main.o [1]
  .text                  ro code   0x800'd5e4    0x68  DblToFlt.o [4]
  .text                  ro code   0x800'd64c    0x5c  irqcontroller.o [1]
  .text                  ro code   0x800'd6a8     0x8  irqcontroller.o [1]
  .text                  ro code   0x800'd6b0    0x10  irqcontroller.o [1]
  .text                  ro code   0x800'd6c0    0x58  irqcontroller.o [1]
  .text                  ro code   0x800'd718     0x4  irqcontroller.o [1]
  .text                  ro code   0x800'd71c     0xe  irqcontroller.o [1]
  .text                  ro code   0x800'd72a     0x8  irqcontroller.o [1]
  .text                  ro code   0x800'd732     0x8  irqcontroller.o [1]
  .text                  ro code   0x800'd73a     0x8  irqcontroller.o [1]
  .text                  ro code   0x800'd744     0xc  irqcontroller.o [1]
  .text                  ro code   0x800'd750    0x10  irqcontroller.o [1]
  .text                  ro code   0x800'd760    0x10  irqcontroller.o [1]
  .text                  ro code   0x800'd770    0x10  irqcontroller.o [1]
  .text                  ro code   0x800'd780    0x52  irqcontroller.o [1]
  .text                  ro code   0x800'd7d2     0xe  irqcontroller.o [1]
  .text                  ro code   0x800'd7e0     0x8  irqcontroller.o [1]
  .text                  ro code   0x800'd7e8     0x8  irqcontroller.o [1]
  .text                  ro code   0x800'd7f0     0xc  irqcontroller.o [1]
  .text                  ro code   0x800'd7fc    0x10  irqcontroller.o [1]
  .text                  ro code   0x800'd80c    0x18  irqcontroller.o [1]
  .text                  ro code   0x800'd824    0x50  main.o [1]
  .text                  ro code   0x800'd874    0x4e  main.o [1]
  .text                  ro code   0x800'd8c4    0x48  FltToDbl.o [4]
  .rodata                const     0x800'd90c    0x48  main.o [1]
  .rodata                const     0x800'd954    0x44  logf.o [4]
  .text                  ro code   0x800'd998    0x44  irqcontroller.o [1]
  .text                  ro code   0x800'd9dc    0x10  irqcontroller.o [1]
  .text                  ro code   0x800'd9ec    0x2c  irqcontroller.o [1]
  .text                  ro code   0x800'da18    0x10  irqcontroller.o [1]
  .text                  ro code   0x800'da28    0x10  irqcontroller.o [1]
  .text                  ro code   0x800'da38    0x10  irqcontroller.o [1]
  .text                  ro code   0x800'da48    0x10  irqcontroller.o [1]
  .text                  ro code   0x800'da58    0x1e  irqcontroller.o [1]
  .text                  ro code   0x800'da76     0xa  irqcontroller.o [1]
  .text                  ro code   0x800'da80     0x8  irqcontroller.o [1]
  .text                  ro code   0x800'da88     0x8  irqcontroller.o [1]
  .text                  ro code   0x800'da90     0xc  irqcontroller.o [1]
  .text                  ro code   0x800'da9c    0x14  irqcontroller.o [1]
  .text                  ro code   0x800'dab0    0x10  irqcontroller.o [1]
  .rodata                const     0x800'dac0    0x40  main.o [1]
  .text                  ro code   0x800'db00    0x3c  main.o [1]
  .text                  ro code   0x800'db3c    0x3a  irqcontroller.o [1]
  .text                  ro code   0x800'db78    0x34  irqcontroller.o [1]
  .text                  ro code   0x800'dbac    0x34  irqcontroller.o [1]
  .text                  ro code   0x800'dbe0    0x10  irqcontroller.o [1]
  .text                  ro code   0x800'dbf0    0x10  irqcontroller.o [1]
  .text                  ro code   0x800'dc00    0x10  irqcontroller.o [1]
  .text                  ro code   0x800'dc10    0x10  irqcontroller.o [1]
  .text                  ro code   0x800'dc20    0x10  irqcontroller.o [1]
  .text                  ro code   0x800'dc30    0x10  irqcontroller.o [1]
  .text                  ro code   0x800'dc40     0x2  irqcontroller.o [1]
  .text                  ro code   0x800'dc44    0x10  irqcontroller.o [1]
  .text                  ro code   0x800'dc54    0x10  irqcontroller.o [1]
  .text                  ro code   0x800'dc64    0x38  main.o [1]
  .text                  ro code   0x800'dc9c     0x8  main.o [1]
  .text                  ro code   0x800'dca4    0x16  main.o [1]
  .text                  ro code   0x800'dcba     0xa  main.o [1]
  .text                  ro code   0x800'dcc4    0x2a  main.o [1]
  .rodata                const     0x800'dcf0    0x30  main.o [1]
  .rodata                const     0x800'dd20    0x30  main.o [1]
  .rodata                const     0x800'dd50    0x30  main.o [1]
  .text                  ro code   0x800'dd80    0x30  main.o [1]
  .rodata                const     0x800'ddb0    0x2c  main.o [1]
  .rodata                const     0x800'dddc    0x2c  main.o [1]
  .rodata                const     0x800'de08    0x2c  main.o [1]
  .rodata                const     0x800'de34    0x2c  main.o [1]
  .rodata                const     0x800'de60    0x2c  main.o [1]
  .rodata                const     0x800'de8c    0x2c  main.o [1]
  .rodata                const     0x800'deb8    0x2c  main.o [1]
  .rodata                const     0x800'dee4    0x2c  main.o [1]
  .rodata                const     0x800'df10    0x2c  main.o [1]
  .rodata                const     0x800'df3c    0x2c  main.o [1]
  .rodata                const     0x800'df68    0x2c  main.o [1]
  .rodata                const     0x800'df94    0x2c  main.o [1]
  .text                  ro code   0x800'dfc0    0x28  main.o [1]
  .text                  ro code   0x800'dfe8    0x1a  main.o [1]
  .text                  ro code   0x800'e002     0xe  main.o [1]
  .text                  ro code   0x800'e010     0xa  main.o [1]
  .text                  ro code   0x800'e01c    0x28  data_init.o [5]
  .text                  ro code   0x800'e044    0x22  fpinit_M.o [4]
  .iar.init_table        const     0x800'e068    0x24  - Linker created -
  .text                  ro code   0x800'e08c    0x20  cmain_call_ctors.o [5]
  .text                  ro code   0x800'e0ac    0x1e  cmain.o [5]
  .text                  ro code   0x800'e0ca     0x4  exit.o [2]
  .text                  ro code   0x800'e0d0     0xe  cexit.o [5]
  .text                  ro code   0x800'e0e0    0x18  main.o [1]
  .rodata                const     0x800'e0f8    0x14  main.o [1]
  .rodata                const     0x800'e10c    0x14  main.o [1]
  .rodata                const     0x800'e120    0x14  main.o [1]
  .text                  ro code   0x800'e134    0x14  main.o [1]
  .text                  ro code   0x800'e148     0x8  main.o [1]
  .text                  ro code   0x800'e150    0x12  startupF411RE.o [1]
  .rodata                const     0x800'e164    0x10  main.o [1]
  .rodata                const     0x800'e174    0x10  main.o [1]
  .rodata                const     0x800'e184    0x10  main.o [1]
  .rodata                const     0x800'e194    0x10  main.o [1]
  .rodata                const     0x800'e1a4    0x10  main.o [1]
  .rodata                const     0x800'e1b4    0x10  main.o [1]
  .text                  ro code   0x800'e1c4     0xe  main.o [1]
  .text                  ro code   0x800'e1d2     0xc  main.o [1]
  .text                  ro code   0x800'e1de     0xe  main.o [1]
  .text                  ro code   0x800'e1ec     0xc  main.o [1]
  .rodata                const     0x800'e1f8     0xc  main.o [1]
  .rodata                const     0x800'e204     0xc  main.o [1]
  .rodata                const     0x800'e210     0xc  main.o [1]
  .rodata                const     0x800'e21c     0xc  main.o [1]
  .rodata                const     0x800'e228     0xc  main.o [1]
  .rodata                const     0x800'e234     0xc  main.o [1]
  .rodata                const     0x800'e240     0xc  main.o [1]
  .rodata                const     0x800'e24c     0xc  main.o [1]
  .text                  ro code   0x800'e258     0xc  main.o [1]
  .rodata                const     0x800'e268     0x8  main.o [1]
  .rodata                const     0x800'e270     0x8  main.o [1]
  .rodata                const     0x800'e278     0x8  main.o [1]
  .rodata                const     0x800'e280     0x8  main.o [1]
  .rodata                const     0x800'e288     0x8  main.o [1]
  .rodata                const     0x800'e290     0x8  tasks.o [1]
  .rodata                const     0x800'e298     0x8  timers.o [1]
  .rodata                const     0x800'e2a0     0x8  timers.o [1]
  .text                  ro code   0x800'e2a8     0x8  startupF411RE.o [1]
  .text                  ro code   0x800'e2b0     0x8  startupF411RE.o [1]
  .text                  ro code   0x800'e2b8     0x8  startupF411RE.o [1]
  .text                  ro code   0x800'e2c0     0x8  startupF411RE.o [1]
  SHT$$PREINIT_ARRAY               0x800'e2c8     0x0  <Block>
  SHT$$INIT_ARRAY                  0x800'e2c8     0x8  <Block>
    .init_array          const     0x800'e2c8     0x4  irqcontroller.o [1]
    .init_array          const     0x800'e2cc     0x4  main.o [1]
  __iar_tls$$INIT_ARRAY            0x800'e2d0     0x0  <Block>
  .rodata                const     0x800'e2d0     0x4  main.o [1]
  .rodata                const     0x800'e2d4     0x4  main.o [1]
  .rodata                const     0x800'e2d8     0x4  main.o [1]
  .rodata                const     0x800'e2dc     0x4  main.o [1]
  .rodata                const     0x800'e2e0     0x4  main.o [1]
  .rodata                const     0x800'e2e4     0x4  main.o [1]
  .rodata                const     0x800'e2e8     0x4  port.o [1]
  .text                  ro code   0x800'e2ec     0x0  cstart_call_dtors.o [5]
  .rodata                const     0x800'e2ec     0x0  zero_init3.o [5]
  .rodata                const     0x800'e2ec     0x0  lz77_init_single.o [5]
  Initializer bytes      const     0x800'e2ec   0x111  <for P2-1>
                                 - 0x800'e3fd  0xe265

"P2", part 1 of 3:                             0x5005
  P2-1                            0x2000'0000  0x5005  <Init block>
    .data                inited   0x2000'0000   0x1a4  main.o [1]
    .data                inited   0x2000'01a4  0x4e2c  main.o [1]
    .data                inited   0x2000'4fd0     0xc  main.o [1]
    .data                inited   0x2000'4fdc    0x10  main.o [1]
    .data                inited   0x2000'4fec    0x10  main.o [1]
    .data                inited   0x2000'4ffc     0x4  main.o [1]
    .data                inited   0x2000'5000     0x4  port.o [1]
    .data                inited   0x2000'5004     0x1  irqcontroller.o [1]
                                - 0x2000'5005  0x5005

"P2", part 2 of 3:                             0x60fc
  .bss                   zero     0x2000'5008  0x3aa8  main.o [1]
  .bss                   zero     0x2000'8ab0   0x814  main.o [1]
  .bss                   zero     0x2000'92c4    0x64  tasks.o [1]
  .bss                   zero     0x2000'9328   0x6a8  main.o [1]
  .bss                   zero     0x2000'99d0   0x6a8  main.o [1]
  .bss                   zero     0x2000'a078   0x400  tasks.o [1]
  .bss                   zero     0x2000'a478   0x268  main.o [1]
  .bss                   zero     0x2000'a6e0   0x25c  main.o [1]
  .bss                   zero     0x2000'a93c   0x200  tasks.o [1]
  .bss                   zero     0x2000'ab3c   0x1d8  dlmalloc.o [2]
  .bss                   zero     0x2000'ad14    0xa0  timers.o [1]
  .bss                   zero     0x2000'adb4    0x2c  main.o [1]
  .bss                   zero     0x2000'ade0    0x50  main.o [1]
  .bss                   zero     0x2000'ae30    0x50  tasks.o [1]
  .bss                   zero     0x2000'ae80    0x50  tasks.o [1]
  .bss                   zero     0x2000'aed0    0x48  timers.o [1]
  .bss                   zero     0x2000'af18    0x40  queue.o [1]
  .bss                   zero     0x2000'af58    0x2c  main.o [1]
  .bss                   zero     0x2000'af84    0x2c  main.o [1]
  .bss                   zero     0x2000'afb0    0x2c  main.o [1]
  .bss                   zero     0x2000'afdc    0x24  main.o [1]
  .bss                   zero     0x2000'b000    0x18  dlmalloc.o [2]
  .bss                   zero     0x2000'b018    0x14  tasks.o [1]
  .bss                   zero     0x2000'b02c    0x14  tasks.o [1]
  .bss                   zero     0x2000'b040    0x14  tasks.o [1]
  .bss                   zero     0x2000'b054    0x14  tasks.o [1]
  .bss                   zero     0x2000'b068    0x14  timers.o [1]
  .bss                   zero     0x2000'b07c    0x14  timers.o [1]
  .bss                   zero     0x2000'b090     0x4  main.o [1]
  .bss                   zero     0x2000'b094     0x4  port.o [1]
  .bss                   zero     0x2000'b098     0x4  tasks.o [1]
  .bss                   zero     0x2000'b09c     0x4  tasks.o [1]
  .bss                   zero     0x2000'b0a0     0x4  tasks.o [1]
  .bss                   zero     0x2000'b0a4     0x4  tasks.o [1]
  .bss                   zero     0x2000'b0a8     0x4  tasks.o [1]
  .bss                   zero     0x2000'b0ac     0x4  tasks.o [1]
  .bss                   zero     0x2000'b0b0     0x4  tasks.o [1]
  .bss                   zero     0x2000'b0b4     0x4  tasks.o [1]
  .bss                   zero     0x2000'b0b8     0x4  tasks.o [1]
  .bss                   zero     0x2000'b0bc     0x4  tasks.o [1]
  .bss                   zero     0x2000'b0c0     0x4  tasks.o [1]
  .bss                   zero     0x2000'b0c4     0x4  tasks.o [1]
  .bss                   zero     0x2000'b0c8     0x4  tasks.o [1]
  .bss                   zero     0x2000'b0cc     0x4  tasks.o [1]
  .bss                   zero     0x2000'b0d0     0x4  timers.o [1]
  .bss                   zero     0x2000'b0d4     0x4  timers.o [1]
  .bss                   zero     0x2000'b0d8     0x4  timers.o [1]
  .bss                   zero     0x2000'b0dc     0x4  timers.o [1]
  .bss                   zero     0x2000'b0e0     0x4  timers.o [1]
  .bss                   zero     0x2000'b0e4     0x4  cppinit.o [2]
  .bss                   zero     0x2000'b0e8     0x4  cppinit.o [2]
  .bss                   zero     0x2000'b0ec     0x4  new.o [3]
  .bss                   zero     0x2000'b0f0     0x4  xgetmemchunk.o [2]
  .bss                   zero     0x2000'b0f4     0x4  xfail_s.o [2]
  .bss                   zero     0x2000'b0f8     0x1  main.o [1]
  .bss                   zero     0x2000'b0f9     0x1  main.o [1]
  .bss                   zero     0x2000'b0fa     0x1  main.o [1]
  .bss                   zero     0x2000'b0fb     0x1  main.o [1]
  .bss                   zero     0x2000'b0fc     0x1  main.o [1]
  .bss                   zero     0x2000'b0fd     0x1  main.o [1]
  .bss                   zero     0x2000'b0fe     0x1  main.o [1]
  .bss                   zero     0x2000'b0ff     0x1  main.o [1]
  .bss                   zero     0x2000'b100     0x1  main.o [1]
  .bss                   zero     0x2000'b101     0x1  port.o [1]
                                - 0x2000'b102  0x60fa

"P2", part 3 of 3:                             0x11bc
  .iar.dynexit                    0x2000'b104   0x1bc  <Block>
    .iar.dynexit         uninit   0x2000'b104     0xc  cppinit.o [2]
    .iar.dynexit         uninit   0x2000'b110   0x1b0  <Block tail>
  CSTACK                          0x2000'b2c0  0x1000  <Block>
    CSTACK               uninit   0x2000'b2c0  0x1000  <Block tail>
  HEAP                            0x2000'c2c0     0x0  <Block>
                                - 0x2000'c2c0  0x11bc

Unused ranges:

         From           To      Size
         ----           --      ----
   0x800'e3fd   0x807'ffff  0x7'1c03
  0x2000'5005  0x2000'5007       0x3
  0x2000'c2c0  0x2001'ffff  0x1'3d40


*******************************************************************************
*** INIT TABLE
***

          Address      Size
          -------      ----
Zero (__iar_zero_init3)
    1 destination range, total size 0x60fa:
          0x2000'5008  0x60fa

Copy/lz77 (__iar_lz77_init_single3)
    1 source range, total size 0x111 (1% of destination):
           0x800'e2ec   0x111
    1 destination range, total size 0x5005:
          0x2000'0000  0x5005

Extra (__iar_cstart_call_ctors)



*******************************************************************************
*** MODULE SUMMARY
***

    Module               ro code  ro data  rw data
    ------               -------  -------  -------
command line/config:
    ----------------------------------------------
    Total:

D:\Nikolaos\My Documents\IAR projects\CourseWork-main2\CourseWorkIARproject\Debug\Obj: [1]
    event_groups.o           528
    irqcontroller.o        1'262        5        1
    list.o                   154
    main.o                11'166   25'685   42'497
    port.o                   392        4        9
    portasm.o                168
    queue.o                1'672                64
    startupF411RE.o           50      408
    tasks.o                2'412        8    1'932
    timers.o               1'044       16      292
    ----------------------------------------------
    Total:                18'848   26'126   44'795

dl7M_tln.a: [2]
    abort.o                    6
    cppinit.o                160                20
    dlmalloc.o             5'276               496
    exit.o                     4
    heaptramp0.o               4
    sprintf.o                 64
    strncat.o                 40
    xfail_s.o                 64                 4
    xgetmemchunk.o            44                 4
    xprintflarge_nomb.o    3'498
    xsprout.o                 10
    ----------------------------------------------
    Total:                 9'170               524

dlpp7M_tl_nc.a: [3]
    cxxabi.o                  10
    delop_0.o                 10
    new.o                                        4
    newop_0.o                 36
    nomemory.o                 4
    ----------------------------------------------
    Total:                    60                 4

m7M_tls.a: [4]
    DblAdd.o                 378
    DblDiv.o                 582
    DblMul.o                 418
    DblSub.o                 226
    DblToFlt.o               104
    DblToS32.o                58
    DblToU32.o                40
    FltToDbl.o                72
    S64ToFlt.o                88
    U32ToDbl.o                26
    fpinit_M.o                34
    frexp.o                  112
    logf.o                   192       68
    round.o                   98
    ----------------------------------------------
    Total:                 2'428       68

rt7M_tl.a: [5]
    ABImemcpy.o              166
    ABImemmove.o             150
    ABImemset.o              102
    I64DivMod.o              628
    I64DivZer.o                2
    cexit.o                   14
    cmain.o                   30
    cmain_call_ctors.o        32
    cstart_call_dtors.o
    data_init.o               40
    lz77_init_single.o       120
    memchr.o                  88
    strchr.o                  22
    strlen.o                  54
    zero_init3.o              58
    ----------------------------------------------
    Total:                 1'506

shb_l.a: [6]
    ABIassert.o               36
    exit.o                    20
    unwind_debug.o                      1
    ----------------------------------------------
    Total:                    56        1

    Gaps                      56       10
    Linker created                     36    4'528
--------------------------------------------------
    Grand Total:          32'124   26'241   49'851


*******************************************************************************
*** ENTRY LIST
***

Entry                       Address    Size  Type      Object
-----                       -------    ----  ----      ------
.iar.dynexit$$Base      0x2000'b104           --   Gb  - Linker created -
.iar.dynexit$$Limit     0x2000'b2c0           --   Gb  - Linker created -
.iar.init_table$$Base    0x800'e068           --   Gb  - Linker created -
.iar.init_table$$Limit   0x800'e08c           --   Gb  - Linker created -
?main                    0x800'e0ad          Code  Gb  cmain.o [5]
BME280Driver<spi1Transceiver, Pin<Port<GPIOB>, (unsigned char)10>>::BME280Driver()
                         0x800'a171    0x20  Code  Gb  main.o [1]
BME280Driver<spi1Transceiver, Pin<Port<GPIOB>, (unsigned char)10>>::CalcDewPoint()
                         0x800'd579    0x6c  Code  Gb  main.o [1]
BME280Driver<spi1Transceiver, Pin<Port<GPIOB>, (unsigned char)10>>::GetDewPoint()
                         0x800'a377     0x6  Code  Gb  main.o [1]
BME280Driver<spi1Transceiver, Pin<Port<GPIOB>, (unsigned char)10>>::GetHumidity()
                         0x800'a371     0x6  Code  Gb  main.o [1]
BME280Driver<spi1Transceiver, Pin<Port<GPIOB>, (unsigned char)10>>::GetPressure()
                         0x800'a36b     0x6  Code  Gb  main.o [1]
BME280Driver<spi1Transceiver, Pin<Port<GPIOB>, (unsigned char)10>>::GetTemperature()
                         0x800'a365     0x6  Code  Gb  main.o [1]
BME280Driver<spi1Transceiver, Pin<Port<GPIOB>, (unsigned char)10>>::InitializeCalibrateData()
                         0x800'a86d    0x68  Code  Gb  main.o [1]
BME280Driver<spi1Transceiver, Pin<Port<GPIOB>, (unsigned char)10>>::Measure()
                         0x800'd875    0x4e  Code  Gb  main.o [1]
BME280Driver<spi1Transceiver, Pin<Port<GPIOB>, (unsigned char)10>>::ReadHumidity()
                         0x800'c9a5    0xc0  Code  Gb  main.o [1]
BME280Driver<spi1Transceiver, Pin<Port<GPIOB>, (unsigned char)10>>::ReadPressure()
                         0x800'bced   0x1f0  Code  Gb  main.o [1]
BME280Driver<spi1Transceiver, Pin<Port<GPIOB>, (unsigned char)10>>::ReadRegister(char)
                         0x800'acf9    0x3c  Code  Gb  main.o [1]
BME280Driver<spi1Transceiver, Pin<Port<GPIOB>, (unsigned char)10>>::ReadSpanOfRegisters(char, char *, unsigned int)
                         0x800'acb1    0x48  Code  Gb  main.o [1]
BME280Driver<spi1Transceiver, Pin<Port<GPIOB>, (unsigned char)10>>::ReadTemperature()
                         0x800'cf49    0x7c  Code  Gb  main.o [1]
BME280Driver<spi1Transceiver, Pin<Port<GPIOB>, (unsigned char)10>>::StartMeasurements()
                         0x800'a8d5    0x1a  Code  Gb  main.o [1]
BME280Driver<spi1Transceiver, Pin<Port<GPIOB>, (unsigned char)10>>::WriteRegister(char, char)
                         0x800'ad35    0x38  Code  Gb  main.o [1]
BluetoothTask::BluetoothTask()
                         0x800'a2e1    0x34  Code  Gb  main.o [1]
BluetoothTask::Execute()
                         0x800'ca65    0xc0  Code  Gb  main.o [1]
BluetoothTask::Execute()::string
                         0x800'e0f8    0x14  Data  Gb  main.o [1]
Button<Pin<Port<GPIOC>, (unsigned char)13>>::Enable()
                         0x800'ac6b     0xc  Code  Gb  main.o [1]
Button<Pin<Port<GPIOC>, (unsigned char)13>>::WasPressed()
                         0x800'dfe9    0x1a  Code  Gb  main.o [1]
ButtonEventTask<Button<Pin<Port<GPIOC>, (unsigned char)13>>, event>::ButtonEventTask()
                         0x800'a2c5    0x1c  Code  Gb  main.o [1]
ButtonEventTask<Button<Pin<Port<GPIOC>, (unsigned char)13>>, event>::Execute()
                         0x800'dfc1    0x28  Code  Gb  main.o [1]
CSTACK$$Base            0x2000'b2c0           --   Gb  - Linker created -
CSTACK$$Limit           0x2000'c2c0           --   Gb  - Linker created -
Delay_ms(unsigned long long)
                         0x800'9ed1    0x28  Code  Gb  main.o [1]
Display<eInkDisplay, screen>::DrawString(Point, char const *)
                         0x800'c495    0x18  Code  Gb  main.o [1]
Display<eInkDisplay, screen>::ResetImage()
                         0x800'c56d    0x10  Code  Gb  main.o [1]
Display<eInkDisplay, screen>::UpdateWindow(Point, Point)
                         0x800'c539    0x34  Code  Gb  main.o [1]
DisplayUpdateTask::DisplayUpdateTask()
                         0x800'a315    0x28  Code  Gb  main.o [1]
DisplayUpdateTask::Execute()
                         0x800'c31d   0x12c  Code  Gb  main.o [1]
DisplayUpdateTask::Execute()::string
                         0x800'e184    0x10  Data  Gb  main.o [1]
DtorRecArray            0x2000'b104     0xc  Data  Lc  cppinit.o [2]
DummyModule::handler()   0x800'e151     0x2  Code  Gb  startupF411RE.o [1]
EPDDriver<spi2Transceiver, Pin<Port<GPIOB>, (unsigned char)1>, Pin<Port<GPIOB>, (unsigned char)2>, Pin<Port<GPIOC>, (unsigned char)3>, Pin<Port<GPIOC>, (unsigned char)2>>::Clear()
                         0x800'a97d    0x68  Code  Gb  main.o [1]
EPDDriver<spi2Transceiver, Pin<Port<GPIOB>, (unsigned char)1>, Pin<Port<GPIOB>, (unsigned char)2>, Pin<Port<GPIOC>, (unsigned char)3>, Pin<Port<GPIOC>, (unsigned char)2>>::EPDDriver()
                         0x800'a23d    0x14  Code  Gb  main.o [1]
EPDDriver<spi2Transceiver, Pin<Port<GPIOB>, (unsigned char)1>, Pin<Port<GPIOB>, (unsigned char)2>, Pin<Port<GPIOC>, (unsigned char)3>, Pin<Port<GPIOC>, (unsigned char)2>>::Init()
                         0x800'a8ef    0x8e  Code  Gb  main.o [1]
EPDDriver<spi2Transceiver, Pin<Port<GPIOB>, (unsigned char)1>, Pin<Port<GPIOB>, (unsigned char)2>, Pin<Port<GPIOC>, (unsigned char)3>, Pin<Port<GPIOC>, (unsigned char)2>>::IsBusy()
                         0x800'b605    0x18  Code  Gb  main.o [1]
EPDDriver<spi2Transceiver, Pin<Port<GPIOB>, (unsigned char)1>, Pin<Port<GPIOB>, (unsigned char)2>, Pin<Port<GPIOC>, (unsigned char)3>, Pin<Port<GPIOC>, (unsigned char)2>>::Refresh()
                         0x800'aed1    0x22  Code  Gb  main.o [1]
EPDDriver<spi2Transceiver, Pin<Port<GPIOB>, (unsigned char)1>, Pin<Port<GPIOB>, (unsigned char)2>, Pin<Port<GPIOC>, (unsigned char)3>, Pin<Port<GPIOC>, (unsigned char)2>>::RefreshQuick()
                         0x800'c841    0x14  Code  Gb  main.o [1]
EPDDriver<spi2Transceiver, Pin<Port<GPIOB>, (unsigned char)1>, Pin<Port<GPIOB>, (unsigned char)2>, Pin<Port<GPIOC>, (unsigned char)3>, Pin<Port<GPIOC>, (unsigned char)2>>::Reset()
                         0x800'ad6d    0x2a  Code  Gb  main.o [1]
EPDDriver<spi2Transceiver, Pin<Port<GPIOB>, (unsigned char)1>, Pin<Port<GPIOB>, (unsigned char)2>, Pin<Port<GPIOC>, (unsigned char)3>, Pin<Port<GPIOC>, (unsigned char)2>>::SendCommand(unsigned char)
                         0x800'ad99    0x28  Code  Gb  main.o [1]
EPDDriver<spi2Transceiver, Pin<Port<GPIOB>, (unsigned char)1>, Pin<Port<GPIOB>, (unsigned char)2>, Pin<Port<GPIOC>, (unsigned char)3>, Pin<Port<GPIOC>, (unsigned char)2>>::SendData(unsigned char const *, unsigned int)
                         0x800'c81d    0x24  Code  Gb  main.o [1]
EPDDriver<spi2Transceiver, Pin<Port<GPIOB>, (unsigned char)1>, Pin<Port<GPIOB>, (unsigned char)2>, Pin<Port<GPIOC>, (unsigned char)3>, Pin<Port<GPIOC>, (unsigned char)2>>::SendData(unsigned char)
                         0x800'adc1    0x24  Code  Gb  main.o [1]
EPDDriver<spi2Transceiver, Pin<Port<GPIOB>, (unsigned char)1>, Pin<Port<GPIOB>, (unsigned char)2>, Pin<Port<GPIOC>, (unsigned char)3>, Pin<Port<GPIOC>, (unsigned char)2>>::SetLut()
                         0x800'ae01    0xd0  Code  Gb  main.o [1]
EPDDriver<spi2Transceiver, Pin<Port<GPIOB>, (unsigned char)1>, Pin<Port<GPIOB>, (unsigned char)2>, Pin<Port<GPIOC>, (unsigned char)3>, Pin<Port<GPIOC>, (unsigned char)2>>::SetLutQuick()
                         0x800'c8b9    0xd0  Code  Gb  main.o [1]
EPDDriver<spi2Transceiver, Pin<Port<GPIOB>, (unsigned char)1>, Pin<Port<GPIOB>, (unsigned char)2>, Pin<Port<GPIOC>, (unsigned char)3>, Pin<Port<GPIOC>, (unsigned char)2>>::SetPartialMode()
                         0x800'c80d     0xe  Code  Gb  main.o [1]
EPDDriver<spi2Transceiver, Pin<Port<GPIOB>, (unsigned char)1>, Pin<Port<GPIOB>, (unsigned char)2>, Pin<Port<GPIOC>, (unsigned char)3>, Pin<Port<GPIOC>, (unsigned char)2>>::UpdatePartialWindow(unsigned char const *, unsigned short, unsigned short, unsigned short, unsigned short)
                         0x800'c685    0xe4  Code  Gb  main.o [1]
EPDDriver<spi2Transceiver, Pin<Port<GPIOB>, (unsigned char)1>, Pin<Port<GPIOB>, (unsigned char)2>, Pin<Port<GPIOC>, (unsigned char)3>, Pin<Port<GPIOC>, (unsigned char)2>>::WaitUntilBusy()
                         0x800'ade5    0x1a  Code  Gb  main.o [1]
EPD_4IN2_lut_bb          0x800'df68    0x2c  Data  Lc  main.o [1]
EPD_4IN2_lut_bb_quick    0x800'df94    0x2c  Data  Lc  main.o [1]
EPD_4IN2_lut_bw          0x800'deb8    0x2c  Data  Lc  main.o [1]
EPD_4IN2_lut_bw_quick    0x800'dee4    0x2c  Data  Lc  main.o [1]
EPD_4IN2_lut_vcom0       0x800'de08    0x2c  Data  Lc  main.o [1]
EPD_4IN2_lut_vcom0_quick
                         0x800'de34    0x2c  Data  Lc  main.o [1]
EPD_4IN2_lut_wb          0x800'df10    0x2c  Data  Lc  main.o [1]
EPD_4IN2_lut_wb_quick    0x800'df3c    0x2c  Data  Lc  main.o [1]
EPD_4IN2_lut_ww          0x800'de60    0x2c  Data  Lc  main.o [1]
EPD_4IN2_lut_ww_quick    0x800'de8c    0x2c  Data  Lc  main.o [1]
HEAP$$Base              0x2000'c2c0           --   Gb  - Linker created -
HEAP$$Limit             0x2000'c2c0           --   Gb  - Linker created -
Initialization guard variable for bluetoothTransceiver
                        0x2000'b0f8     0x1  Data  Gb  main.o [1]
Initialization guard variable for bme280
                        0x2000'b0f9     0x1  Data  Gb  main.o [1]
Initialization guard variable for dewPoint
                        0x2000'b0fd     0x1  Data  Gb  main.o [1]
Initialization guard variable for eInkDisplay
                        0x2000'b0fe     0x1  Data  Gb  main.o [1]
Initialization guard variable for humidity
                        0x2000'b0fc     0x1  Data  Gb  main.o [1]
Initialization guard variable for pressure
                        0x2000'b0fb     0x1  Data  Gb  main.o [1]
Initialization guard variable for temperature
                        0x2000'b0fa     0x1  Data  Gb  main.o [1]
IrqController::HandleIrqExtiLine15_10()
                         0x800'db75     0x2  Code  Gb  irqcontroller.o [1]
IrqController::HandleIrqSPI1()
                         0x800'db5d     0x8  Code  Gb  irqcontroller.o [1]
IrqController::HandleIrqSPI2()
                         0x800'db65     0x8  Code  Gb  irqcontroller.o [1]
IrqController::HandleIrqUSART2()
                         0x800'db6d     0x8  Code  Gb  irqcontroller.o [1]
Led<Pin<Port<GPIOA>, (unsigned char)5>>::Toggle()
                         0x800'cb9d     0x8  Code  Gb  main.o [1]
Led<Pin<Port<GPIOC>, (unsigned char)8>>::Toggle()
                         0x800'c57d     0x8  Code  Gb  main.o [1]
Led<Pin<Port<GPIOC>, (unsigned char)9>>::Toggle()
                         0x800'dc9d     0x8  Code  Gb  main.o [1]
Measurement::CheckUnit(Unit)
                         0x800'b80f    0x26  Code  Gb  main.o [1]
Measurement::GetValue()
                         0x800'cf3d     0xa  Code  Gb  main.o [1]
Measurement::GetValue(Unit)
                         0x800'dd81    0x30  Code  Gb  main.o [1]
Measurement::GetValue(Unit)::string (instance 2)
                         0x800'dac0    0x40  Data  Gb  main.o [1]
Measurement::GetValue(Unit)::string (instance 3)
                         0x800'd17c    0x74  Data  Gb  main.o [1]
Measurement::Measurement(std::string, Unit *, unsigned int, Unit, double (*)())
                         0x800'b1bd    0x5c  Code  Gb  main.o [1]
Measurement::Measurement(std::string, Unit *, unsigned int, Unit, double (*)()) [subobject]
                         0x800'ab71    0x14  Code  Gb  main.o [1]
Measurement::Measurement(std::string, Unit *, unsigned int, Unit, double (*)())::string (instance 2)
                         0x800'd90c    0x48  Data  Gb  main.o [1]
Measurement::Measurement(std::string, Unit *, unsigned int, Unit, double (*)())::string (instance 3)
                         0x800'd108    0x74  Data  Gb  main.o [1]
Measurement::Measurement(std::string, Unit, double (*)())
                         0x800'a20d    0x30  Code  Gb  main.o [1]
Measurement::ShowUnitName(Unit)
                         0x800'c4ad    0x7c  Code  Gb  main.o [1]
Measurement::ShowUnitName(Unit)::string
                         0x800'7c16     0x2  Data  Gb  main.o [1]
Measurement::ShowUnitName(Unit)::string (instance 2)
                         0x800'7d16     0x2  Data  Gb  main.o [1]
Measurement::ShowUnitName(Unit)::string (instance 3)
                         0x800'7fce     0x2  Data  Gb  main.o [1]
Measurement::ShowUnitName(Unit)::string (instance 4)
                         0x800'e2d0     0x4  Data  Gb  main.o [1]
Measurement::ShowUnitName(Unit)::string (instance 5)
                         0x800'8012     0x2  Data  Gb  main.o [1]
Measurement::ShowUnitName(Unit)::string (instance 7)
                         0x800'dcf0    0x30  Data  Gb  main.o [1]
Measurement::ShowUnitName(Unit)::string (instance 8)
                         0x800'd1f0    0x74  Data  Gb  main.o [1]
Measurement::~Measurement()
                         0x800'e0e1    0x18  Code  Gb  main.o [1]
Measurement::~Measurement() [subobject]
                         0x800'e1ed     0xc  Code  Gb  main.o [1]
MeasurementTask<event>::Execute()
                         0x800'dc65    0x38  Code  Gb  main.o [1]
MeasurementTask<event>::MeasurementTask()
                         0x800'a33d    0x28  Code  Gb  main.o [1]
MeasurementTask<event>::UnitsUpdate()
                         0x800'd825    0x50  Code  Gb  main.o [1]
MeasurementTask<event>::UnitsUpdate()::counter
                        0x2000'b090     0x4  Data  Gb  main.o [1]
OsWrapper::Event::Event(std::chrono::duration<long long, std::ratio<(long long)1, (long long)1000>>, unsigned int)
                         0x800'a297    0x2c  Code  Gb  main.o [1]
OsWrapper::Event::Signal()
                         0x800'e003     0xe  Code  Gb  main.o [1]
OsWrapper::Event::Wait(OsWrapper::EventMode, unsigned int) const
                         0x800'dca5    0x16  Code  Gb  main.o [1]
OsWrapper::Event::~Event()
                         0x800'e1c5     0xe  Code  Gb  main.o [1]
OsWrapper::IThread::IThread()
                         0x800'ba9f     0xa  Code  Gb  main.o [1]
OsWrapper::IThread::IThread() [subobject]
                         0x800'b849     0xc  Code  Gb  main.o [1]
OsWrapper::IThread::Run()
                         0x800'e135    0x14  Code  Gb  main.o [1]
OsWrapper::IThread::Sleep(std::chrono::duration<long long, std::ratio<(long long)1, (long long)1000>>)
                         0x800'c585    0x1a  Code  Gb  main.o [1]
OsWrapper::Rtos::HandleSvcInterrupt()
                         0x800'e2b9     0x8  Code  Gb  startupF411RE.o [1]
OsWrapper::Rtos::HandleSysTickInterrupt()
                         0x800'e2c1     0x8  Code  Gb  startupF411RE.o [1]
OsWrapper::Rtos::Run(void *)
                         0x800'e259     0xc  Code  Gb  main.o [1]
OsWrapper::Rtos::Start()
                         0x800'aa71     0x8  Code  Gb  main.o [1]
OsWrapper::RtosWrapper::wCreateEvent(xSTATIC_EVENT_GROUP &)
                         0x800'ac53     0xc  Code  Gb  main.o [1]
OsWrapper::RtosWrapper::wDeleteEvent(void *&)
                         0x800'e1d3     0xc  Code  Gb  main.o [1]
OsWrapper::RtosWrapper::wGetTicks()
                         0x800'e149     0x8  Code  Gb  main.o [1]
OsWrapper::RtosWrapper::wHandleSvcInterrupt()
                         0x800'e2a9     0x8  Code  Gb  startupF411RE.o [1]
OsWrapper::RtosWrapper::wHandleSysTickInterrupt()
                         0x800'e2b1     0x8  Code  Gb  startupF411RE.o [1]
OsWrapper::RtosWrapper::wSignalEvent(void *const &, unsigned int)
                         0x800'db01    0x3c  Code  Gb  main.o [1]
OsWrapper::RtosWrapper::wSleep(unsigned int)
                         0x800'c789     0xc  Code  Gb  main.o [1]
OsWrapper::RtosWrapper::wStart()
                         0x800'afd9     0x8  Code  Gb  main.o [1]
OsWrapper::RtosWrapper::wWaitEvent(void *const &, unsigned int, unsigned int, OsWrapper::EventMode)
                         0x800'dcc5    0x2a  Code  Gb  main.o [1]
OsWrapper::Thread<(unsigned int)128>::Thread()
                         0x800'b43d     0xe  Code  Gb  main.o [1]
OsWrapper::Thread<(unsigned int)128>::Thread() [subobject]
                         0x800'ac5f     0xc  Code  Gb  main.o [1]
OsWrapper::Thread<(unsigned int)400>::Thread()
                         0x800'b467     0xe  Code  Gb  main.o [1]
OsWrapper::Thread<(unsigned int)400>::Thread() [subobject]
                         0x800'ac77     0xc  Code  Gb  main.o [1]
Pin<Port<GPIOA>, (unsigned char)5>::Toggle()
                         0x800'cbbf     0xa  Code  Gb  main.o [1]
Pin<Port<GPIOB>, (unsigned char)10>::Reset()
                         0x800'b483     0xc  Code  Gb  main.o [1]
Pin<Port<GPIOB>, (unsigned char)10>::Set()
                         0x800'aa79     0xc  Code  Gb  main.o [1]
Pin<Port<GPIOB>, (unsigned char)1>::Reset()
                         0x800'b5bb     0xa  Code  Gb  main.o [1]
Pin<Port<GPIOB>, (unsigned char)1>::Set()
                         0x800'b5f1     0xa  Code  Gb  main.o [1]
Pin<Port<GPIOB>, (unsigned char)2>::Reset()
                         0x800'b5b1     0xa  Code  Gb  main.o [1]
Pin<Port<GPIOB>, (unsigned char)2>::Set()
                         0x800'b5fb     0xa  Code  Gb  main.o [1]
Pin<Port<GPIOC>, (unsigned char)13>::Enable()
                         0x800'b44b    0x10  Code  Gb  main.o [1]
Pin<Port<GPIOC>, (unsigned char)13>::IsSet()
                         0x800'e011     0xa  Code  Gb  main.o [1]
Pin<Port<GPIOC>, (unsigned char)13>::SelectInputMode()
                         0x800'b45b     0xc  Code  Gb  main.o [1]
Pin<Port<GPIOC>, (unsigned char)2>::Get()
                         0x800'b8fb    0x14  Code  Gb  main.o [1]
Pin<Port<GPIOC>, (unsigned char)2>::IsSet()
                         0x800'bb39     0xa  Code  Gb  main.o [1]
Pin<Port<GPIOC>, (unsigned char)3>::Reset()
                         0x800'b5a7     0xa  Code  Gb  main.o [1]
Pin<Port<GPIOC>, (unsigned char)3>::Set()
                         0x800'b59d     0xa  Code  Gb  main.o [1]
Pin<Port<GPIOC>, (unsigned char)8>::Toggle()
                         0x800'c77f     0xa  Code  Gb  main.o [1]
Pin<Port<GPIOC>, (unsigned char)9>::Toggle()
                         0x800'dcbb     0xa  Code  Gb  main.o [1]
Point::Point(unsigned short, unsigned short)
                         0x800'c27d     0x6  Code  Gb  main.o [1]
Port<GPIOA>::Toggle(unsigned char)
                         0x800'cbf1     0xe  Code  Gb  main.o [1]
Port<GPIOB>::Reset(unsigned int)
                         0x800'b8a5     0xc  Code  Gb  main.o [1]
Port<GPIOB>::Set(unsigned int)
                         0x800'afe1     0xc  Code  Gb  main.o [1]
Port<GPIOC>::Enable()    0x800'b85d     0x8  Code  Gb  main.o [1]
Port<GPIOC>::IsEnable()
                         0x800'b855     0x8  Code  Gb  main.o [1]
Port<GPIOC>::IsSet(unsigned char)
                         0x800'bc1d    0x10  Code  Gb  main.o [1]
Port<GPIOC>::ModeSet(unsigned char, Moder)
                         0x800'b865    0x2a  Code  Gb  main.o [1]
Port<GPIOC>::Reset(unsigned int)
                         0x800'b8e3     0xc  Code  Gb  main.o [1]
Port<GPIOC>::Set(unsigned int)
                         0x800'b8d7     0xc  Code  Gb  main.o [1]
Port<GPIOC>::Toggle(unsigned char)
                         0x800'c855     0xe  Code  Gb  main.o [1]
Region$$Table$$Base      0x800'e068           --   Gb  - Linker created -
Region$$Table$$Limit     0x800'e08c           --   Gb  - Linker created -
SHT$$INIT_ARRAY$$Base    0x800'e2c8           --   Gb  - Linker created -
SHT$$INIT_ARRAY$$Limit   0x800'e2d0           --   Gb  - Linker created -
SHT$$PREINIT_ARRAY$$Base
                         0x800'e2c8           --   Gb  - Linker created -
SHT$$PREINIT_ARRAY$$Limit
                         0x800'e2c8           --   Gb  - Linker created -
SPI<SPI1, spi1Transceiver>::Enable()
                         0x800'afed     0x8  Code  Gb  main.o [1]
SPI<SPI1, spi1Transceiver>::ReadByte()
                         0x800'b8b5     0xa  Code  Gb  main.o [1]
SPI<SPI1, spi1Transceiver>::ReceiveBufNotEmptyInterruptDisable()
                         0x800'd6a9     0x8  Code  Gb  irqcontroller.o [1]
SPI<SPI1, spi1Transceiver>::ReceiveBufNotEmptyInterruptEnable()
                         0x800'b8bf     0x8  Code  Gb  main.o [1]
SPI<SPI1, spi1Transceiver>::SendByte(char)
                         0x800'd03f     0xe  Code  Gb  irqcontroller.o [1]
SPI<SPI1, spi1Transceiver>::SpiInterruptHandler()
                         0x800'db79    0x34  Code  Gb  irqcontroller.o [1]
SPI<SPI1, spi1Transceiver>::TransmiteBufEmptyInterruptDisable()
                         0x800'd04d     0x8  Code  Gb  irqcontroller.o [1]
SPI<SPI1, spi1Transceiver>::TransmiteBufEmptyInterruptEnable()
                         0x800'b8c7     0x8  Code  Gb  main.o [1]
SPI<SPI1, spi1Transceiver>::TransmittionCompleted()
                         0x800'd055     0x8  Code  Gb  irqcontroller.o [1]
SPI<SPI2, spi2Transceiver>::Enable()
                         0x800'b219     0x8  Code  Gb  main.o [1]
SPI<SPI2, spi2Transceiver>::SendByte(char)
                         0x800'd7d3     0xe  Code  Gb  irqcontroller.o [1]
SPI<SPI2, spi2Transceiver>::SpiInterruptHandler()
                         0x800'dbad    0x34  Code  Gb  irqcontroller.o [1]
SPI<SPI2, spi2Transceiver>::TransmiteBufEmptyInterruptDisable()
                         0x800'd7e1     0x8  Code  Gb  irqcontroller.o [1]
SPI<SPI2, spi2Transceiver>::TransmiteBufEmptyInterruptEnable()
                         0x800'b8f3     0x8  Code  Gb  main.o [1]
SPI<SPI2, spi2Transceiver>::TransmittionCompleted()
                         0x800'd7e9     0x8  Code  Gb  irqcontroller.o [1]
ScreenDriver<(unsigned short)400, (unsigned short)300>::ClearWindows(Point, Point, Color)
                         0x800'c795    0x78  Code  Gb  main.o [1]
ScreenDriver<(unsigned short)400, (unsigned short)300>::ClearWindows(Point, Point, Color)::string
                         0x800'dd50    0x30  Data  Gb  main.o [1]
ScreenDriver<(unsigned short)400, (unsigned short)300>::ClearWindows(Point, Point, Color)::string (instance 2)
                         0x800'd4a0    0x6c  Data  Gb  main.o [1]
ScreenDriver<(unsigned short)400, (unsigned short)300>::DrawChar(Point, char)
                         0x800'c115   0x168  Code  Gb  main.o [1]
ScreenDriver<(unsigned short)400, (unsigned short)300>::DrawChar(Point, char)::string
                         0x800'dddc    0x2c  Data  Gb  main.o [1]
ScreenDriver<(unsigned short)400, (unsigned short)300>::DrawChar(Point, char)::string (instance 2)
                         0x800'd50c    0x6c  Data  Gb  main.o [1]
ScreenDriver<(unsigned short)400, (unsigned short)300>::DrawString(Point, char const *)
                         0x800'c59f    0xba  Code  Gb  main.o [1]
ScreenDriver<(unsigned short)400, (unsigned short)300>::ResetImage()
                         0x800'c769    0x16  Code  Gb  main.o [1]
ScreenDriver<(unsigned short)400, (unsigned short)300>::ScreenDriver(std::array<unsigned char, (unsigned int)15000> const &, tFont *)
                         0x800'a251    0x46  Code  Gb  main.o [1]
ScreenDriver<(unsigned short)400, (unsigned short)300>::SetPixel(Point, Color)
                         0x800'c285    0x94  Code  Gb  main.o [1]
ScreenDriver<(unsigned short)400, (unsigned short)300>::SetPixel(Point, Color)::string
                         0x800'ddb0    0x2c  Data  Gb  main.o [1]
ScreenDriver<(unsigned short)400, (unsigned short)300>::SetPixel(Point, Color)::string (instance 2)
                         0x800'd434    0x6c  Data  Gb  main.o [1]
SpiDriver<Spi1>::Enable()
                         0x800'aa85     0xa  Code  Gb  main.o [1]
SpiDriver<Spi1>::GetByte()
                         0x800'b509    0x2a  Code  Gb  main.o [1]
SpiDriver<Spi1>::GetMessage(char *)
                         0x800'b4dd    0x2c  Code  Gb  main.o [1]
SpiDriver<Spi1>::IsMessageReceived()
                         0x800'b4d7     0x6  Code  Gb  main.o [1]
SpiDriver<Spi1>::OnNextByteReceive()
                         0x800'd64d    0x5c  Code  Gb  irqcontroller.o [1]
SpiDriver<Spi1>::OnNextByteReceive()::isfirst
                        0x2000'5004     0x1  Data  Gb  irqcontroller.o [1]
SpiDriver<Spi1>::OnNextByteTransmite()
                         0x800'cfc5    0x7a  Code  Gb  irqcontroller.o [1]
SpiDriver<Spi1>::SendByte(char)
                         0x800'b48f    0x48  Code  Gb  main.o [1]
SpiDriver<Spi1>::SendMessage(char *, unsigned int)
                         0x800'b533    0x6a  Code  Gb  main.o [1]
SpiDriver<Spi1>::SetReceivedMesLength(unsigned int)
                         0x800'b47d     0x6  Code  Gb  main.o [1]
SpiDriverOnlyTransmit<Spi2>::Enable()
                         0x800'ac25     0xa  Code  Gb  main.o [1]
SpiDriverOnlyTransmit<Spi2>::OnNextByteReceive()
                         0x800'dc41     0x2  Code  Gb  irqcontroller.o [1]
SpiDriverOnlyTransmit<Spi2>::OnNextByteTransmite()
                         0x800'd781    0x52  Code  Gb  irqcontroller.o [1]
SpiDriverOnlyTransmit<Spi2>::SendByte(char)
                         0x800'b5c5    0x2c  Code  Gb  main.o [1]
SpiDriverOnlyTransmit<Spi2>::SendMessage(char const *, unsigned int)
                         0x800'c863    0x54  Code  Gb  main.o [1]
SysCtlDelay              0x800'9ec9     0x8  Code  Gb  main.o [1]
SystemCoreClock         0x2000'4ffc     0x4  Data  Gb  main.o [1]
Temperature::GetValue()
                         0x800'7b77     0xa  Code  Gb  main.o [1]
Temperature::GetValue(Unit)
                         0x800'cea5    0x98  Code  Gb  main.o [1]
Temperature::GetValue(Unit)::string (instance 2)
                         0x800'dd20    0x30  Data  Gb  main.o [1]
Temperature::GetValue(Unit)::string (instance 3)
                         0x800'd264    0x74  Data  Gb  main.o [1]
Temperature::Temperature(std::string, double (*)())
                         0x800'a1b5    0x3c  Code  Gb  main.o [1]
Temperature::~Temperature()
                         0x800'e1df     0xe  Code  Gb  main.o [1]
USART<USART2, bluetoothTransceiver>::Enable()
                         0x800'b475     0x8  Code  Gb  main.o [1]
USART<USART2, bluetoothTransceiver>::IdleLineDetectedInterruptDisable()
                         0x800'da89     0x8  Code  Gb  irqcontroller.o [1]
USART<USART2, bluetoothTransceiver>::IdleLineDetectedInterruptEnable()
                         0x800'da81     0x8  Code  Gb  irqcontroller.o [1]
USART<USART2, bluetoothTransceiver>::ReadByte()
                         0x800'da77     0xa  Code  Gb  irqcontroller.o [1]
USART<USART2, bluetoothTransceiver>::SendByte(unsigned char)
                         0x800'd71d     0xe  Code  Gb  irqcontroller.o [1]
USART<USART2, bluetoothTransceiver>::TransmiteBufEmptyInterruptDisable()
                         0x800'd73b     0x8  Code  Gb  irqcontroller.o [1]
USART<USART2, bluetoothTransceiver>::TransmiteBufEmptyInterruptEnable()
                         0x800'cbb7     0x8  Code  Gb  main.o [1]
USART<USART2, bluetoothTransceiver>::TransmiteDisable()
                         0x800'd733     0x8  Code  Gb  irqcontroller.o [1]
USART<USART2, bluetoothTransceiver>::TransmiteEnable()
                         0x800'cbaf     0x8  Code  Gb  main.o [1]
USART<USART2, bluetoothTransceiver>::TransmitionCompleted()
                         0x800'd72b     0x8  Code  Gb  irqcontroller.o [1]
USART<USART2, bluetoothTransceiver>::UsartInterruptHandler()
                         0x800'd999    0x44  Code  Gb  irqcontroller.o [1]
Virtual function table for BluetoothTask
                         0x800'e1f8     0xc  Data  Gb  main.o [1]
Virtual function table for ButtonEventTask<Button<Pin<Port<GPIOC>, (unsigned char)13>>, event>
                         0x800'e210     0xc  Data  Gb  main.o [1]
Virtual function table for DisplayUpdateTask
                         0x800'e204     0xc  Data  Gb  main.o [1]
Virtual function table for Measurement
                         0x800'e164    0x10  Data  Gb  main.o [1]
Virtual function table for MeasurementTask<event>
                         0x800'e21c     0xc  Data  Gb  main.o [1]
Virtual function table for Temperature
                         0x800'e174    0x10  Data  Gb  main.o [1]
_LitobLargeNoMb          0x800'794b   0x10a  Code  Lc  xprintflarge_nomb.o [2]
_PrintfLargeNoMb         0x800'6dcd   0xb78  Code  Gb  xprintflarge_nomb.o [2]
_PutcharLargeNoMb        0x800'7abd    0x20  Code  Lc  xprintflarge_nomb.o [2]
_PutcharsLargeNoMb       0x800'7add    0x2e  Code  Lc  xprintflarge_nomb.o [2]
_SProut                  0x800'7b97     0xa  Code  Gb  xsprout.o [2]
__aeabi_assert           0x800'ac8d    0x24  Code  Gb  ABIassert.o [6]
__aeabi_atexit           0x800'a1f1     0xa  Code  Gb  cxxabi.o [3]
__aeabi_d2f              0x800'd5e5          Code  Gb  DblToFlt.o [4]
__aeabi_d2iz             0x800'a555          Code  Gb  DblToS32.o [4]
__aeabi_d2uiz            0x800'7fd1          Code  Gb  DblToU32.o [4]
__aeabi_dadd             0x800'8511          Code  Gb  DblAdd.o [4]
__aeabi_ddiv             0x800'7d89          Code  Gb  DblDiv.o [4]
__aeabi_dmul             0x800'80f9          Code  Gb  DblMul.o [4]
__aeabi_dsub             0x800'8015          Code  Gb  DblSub.o [4]
__aeabi_f2d              0x800'd8c5          Code  Gb  FltToDbl.o [4]
__aeabi_l2f              0x800'bf45          Code  Gb  S64ToFlt.o [4]
__aeabi_ldiv0            0x800'868d          Code  Gb  I64DivZer.o [5]
__aeabi_ldivmod          0x800'829d          Code  Gb  I64DivMod.o [5]
__aeabi_memcpy           0x800'7c71          Code  Gb  ABImemcpy.o [5]
__aeabi_memcpy4          0x800'7c91          Code  Gb  ABImemcpy.o [5]
__aeabi_memcpy8          0x800'7c91          Code  Gb  ABImemcpy.o [5]
__aeabi_memmove          0x800'bb85          Code  Gb  ABImemmove.o [5]
__aeabi_memmove4         0x800'bb85          Code  Gb  ABImemmove.o [5]
__aeabi_memmove8         0x800'bb85          Code  Gb  ABImemmove.o [5]
__aeabi_memset           0x800'bedd          Code  Gb  ABImemset.o [5]
__aeabi_ui2d             0x800'7ff9          Code  Gb  U32ToDbl.o [4]
__aeabi_uldivmod         0x800'82e1          Code  Gb  I64DivMod.o [5]
__call_ctors             0x800'ab85    0x18  Code  Gb  cppinit.o [2]
__call_dtors             0x800'abd3     0xc  Code  Gb  cppinit.o [2]
__call_dtors0            0x800'abdf    0x36  Code  Gb  cppinit.o [2]
__cexit_call_dtors       0x800'e0d3          Code  Gb  cexit.o [5]
__cmain                  0x800'e0ad          Code  Gb  cmain.o [5]
__cstart_call_dtors      0x800'e2ec          Data  Gb  cstart_call_dtors.o [5]
__cxa_atexit             0x800'ab9d    0x36  Code  Gb  cppinit.o [2]
__data_GetMemChunk       0x800'6d8d    0x2c  Code  Gb  xgetmemchunk.o [2]
__data_GetMemChunk::start
                        0x2000'b0f0     0x4  Data  Lc  xgetmemchunk.o [2]
__dso_handle            0x2000'b0e8     0x4  Data  Gb  cppinit.o [2]
__exit                   0x800'6db9    0x14  Code  Gb  exit.o [6]
__iar_Fail_s             0x800'7ba1    0x1c  Code  Gb  xfail_s.o [2]
__iar_Memchr             0x800'7c19          Code  Gb  memchr.o [5]
__iar_Memset             0x800'bedd          Code  Gb  ABImemset.o [5]
__iar_Memset_word        0x800'bee5          Code  Gb  ABImemset.o [5]
__iar_Strchr             0x800'7b81          Code  Gb  strchr.o [5]
__iar_cstart_call_ctors
                         0x800'e08d    0x20  Code  Gb  cmain_call_ctors.o [5]
__iar_dadd               0x800'8025          Code  Gb  DblSub.o [4]
__iar_data_init3         0x800'e01d    0x28  Code  Gb  data_init.o [5]
__iar_debug_exceptions   0x800'80f7     0x1  Data  Gb  unwind_debug.o [6]
__iar_dlfree             0x800'6827   0x51e  Code  Gb  dlmalloc.o [2]
__iar_dlmalloc           0x800'5939   0xeee  Code  Gb  dlmalloc.o [2]
__iar_dsub               0x800'8521          Code  Gb  DblAdd.o [4]
__iar_dsubStart          0x800'8533          Code  Gb  DblAdd.o [4]
__iar_frexp              0x800'7d25          Code  Gb  frexp.o [4]
__iar_frexpl             0x800'7d25          Code  Gb  frexp.o [4]
__iar_init_vfp           0x800'e045          Code  Gb  fpinit_M.o [4]
__iar_log32              0x800'cc11          Code  Gb  logf.o [4]
__iar_log_medium32       0x800'cc11          Code  Gb  logf.o [4]
__iar_log_mediumf        0x800'cc11          Code  Gb  logf.o [4]
__iar_logf_NoFini        0x800'cca9          Code  Gb  logf.o [4]
[...]
void FieldValueBase<SPI2_CR1_CPHA_Values<SPI2::CR1, (unsigned int)0, (unsigned int)1, ReadWriteMode, SPI2::SPI2CR1Base>, SPI2::SPI2CR1Base, (unsigned int)1>::Set<ReadWriteMode, void>()
                         0x800'a665    0x14  Code  Gb  main.o [1]
void FieldValueBase<SPI2_CR1_CPOL_Values<SPI2::CR1, (unsigned int)1, (unsigned int)1, ReadWriteMode, SPI2::SPI2CR1Base>, SPI2::SPI2CR1Base, (unsigned int)1>::Set<ReadWriteMode, void>()
                         0x800'a651    0x14  Code  Gb  main.o [1]
void FieldValueBase<SPI2_CR1_CRCEN_Values<SPI2::CR1, (unsigned int)13, (unsigned int)1, ReadWriteMode, SPI2::SPI2CR1Base>, SPI2::SPI2CR1Base, (unsigned int)0>::Set<ReadWriteMode, void>()
                         0x800'a6c1    0x10  Code  Gb  main.o [1]
void FieldValueBase<SPI2_CR1_DFF_Values<SPI2::CR1, (unsigned int)11, (unsigned int)1, ReadWriteMode, SPI2::SPI2CR1Base>, SPI2::SPI2CR1Base, (unsigned int)0>::Set<ReadWriteMode, void>()
                         0x800'a641    0x10  Code  Gb  main.o [1]
void FieldValueBase<SPI2_CR1_LSBFIRST_Values<SPI2::CR1, (unsigned int)7, (unsigned int)1, ReadWriteMode, SPI2::SPI2CR1Base>, SPI2::SPI2CR1Base, (unsigned int)0>::Set<ReadWriteMode, void>()
                         0x800'a6b1    0x10  Code  Gb  main.o [1]
void FieldValueBase<SPI2_CR1_MSTR_Values<SPI2::CR1, (unsigned int)2, (unsigned int)1, ReadWriteMode, SPI2::SPI2CR1Base>, SPI2::SPI2CR1Base, (unsigned int)1>::Set<ReadWriteMode, void>()
                         0x800'a61d    0x14  Code  Gb  main.o [1]
void FieldValueBase<SPI2_CR1_SPE_Values<SPI2::CR1, (unsigned int)6, (unsigned int)1, ReadWriteMode, SPI2::SPI2CR1Base>, SPI2::SPI2CR1Base, (unsigned int)1>::Set<ReadWriteMode, void>()
                         0x800'b835    0x14  Code  Gb  main.o [1]
void FieldValueBase<SPI2_CR1_SSI_Values<SPI2::CR1, (unsigned int)8, (unsigned int)1, ReadWriteMode, SPI2::SPI2CR1Base>, SPI2::SPI2CR1Base, (unsigned int)1>::Set<ReadWriteMode, void>()
                         0x800'a68d    0x14  Code  Gb  main.o [1]
void FieldValueBase<SPI2_CR1_SSM_Values<SPI2::CR1, (unsigned int)9, (unsigned int)1, ReadWriteMode, SPI2::SPI2CR1Base>, SPI2::SPI2CR1Base, (unsigned int)1>::Set<ReadWriteMode, void>()
                         0x800'a679    0x14  Code  Gb  main.o [1]
void FieldValueBase<SPI2_CR2_TXEIE_Values<SPI2::CR2, (unsigned int)7, (unsigned int)1, ReadWriteMode, SPI2::SPI2CR2Base>, SPI2::SPI2CR2Base, (unsigned int)0>::Set<ReadWriteMode, void>()
                         0x800'd7fd    0x10  Code  Gb  irqcontroller.o [1]
void FieldValueBase<SPI2_CR2_TXEIE_Values<SPI2::CR2, (unsigned int)7, (unsigned int)1, ReadWriteMode, SPI2::SPI2CR2Base>, SPI2::SPI2CR2Base, (unsigned int)1>::Set<ReadWriteMode, void>()
                         0x800'bb25    0x14  Code  Gb  main.o [1]
void FieldValueBase<USART2_CR1_IDLEIE_Values<USART2::CR1, (unsigned int)4, (unsigned int)1, ReadWriteMode, USART2::USART2CR1Base>, USART2::USART2CR1Base, (unsigned int)0>::Set<ReadWriteMode, void>()
                         0x800'dab1    0x10  Code  Gb  irqcontroller.o [1]
void FieldValueBase<USART2_CR1_IDLEIE_Values<USART2::CR1, (unsigned int)4, (unsigned int)1, ReadWriteMode, USART2::USART2CR1Base>, USART2::USART2CR1Base, (unsigned int)1>::Set<ReadWriteMode, void>()
                         0x800'da9d    0x14  Code  Gb  irqcontroller.o [1]
void FieldValueBase<USART2_CR1_M_Values<USART2::CR1, (unsigned int)12, (unsigned int)1, ReadWriteMode, USART2::USART2CR1Base>, USART2::USART2CR1Base, (unsigned int)0>::Set<ReadWriteMode, void>()
                         0x800'a47d    0x10  Code  Gb  main.o [1]
void FieldValueBase<USART2_CR1_OVER8_Values<USART2::CR1, (unsigned int)15, (unsigned int)1, ReadWriteMode, USART2::USART2CR1Base>, USART2::USART2CR1Base, (unsigned int)0>::Set<ReadWriteMode, void>()
                         0x800'a46d    0x10  Code  Gb  main.o [1]
void FieldValueBase<USART2_CR1_PCE_Values<USART2::CR1, (unsigned int)10, (unsigned int)1, ReadWriteMode, USART2::USART2CR1Base>, USART2::USART2CR1Base, (unsigned int)0>::Set<ReadWriteMode, void>()
                         0x800'a49d    0x10  Code  Gb  main.o [1]
void FieldValueBase<USART2_CR1_RE_Values<USART2::CR1, (unsigned int)2, (unsigned int)1, ReadWriteMode, USART2::USART2CR1Base>, USART2::USART2CR1Base, (unsigned int)1>::Set<ReadWriteMode, void>()
                         0x800'a4ad    0x14  Code  Gb  main.o [1]
void FieldValueBase<USART2_CR1_RXNEIE_Values<USART2::CR1, (unsigned int)5, (unsigned int)1, ReadWriteMode, USART2::USART2CR1Base>, USART2::USART2CR1Base, (unsigned int)1>::Set<ReadWriteMode, void>()
                         0x800'a4cd    0x14  Code  Gb  main.o [1]
void FieldValueBase<USART2_CR1_TE_Values<USART2::CR1, (unsigned int)3, (unsigned int)1, ReadWriteMode, USART2::USART2CR1Base>, USART2::USART2CR1Base, (unsigned int)0>::Set<ReadWriteMode, void>()
                         0x800'd761    0x10  Code  Gb  irqcontroller.o [1]
void FieldValueBase<USART2_CR1_TE_Values<USART2::CR1, (unsigned int)3, (unsigned int)1, ReadWriteMode, USART2::USART2CR1Base>, USART2::USART2CR1Base, (unsigned int)1>::Set<ReadWriteMode, void>()
                         0x800'cbc9    0x14  Code  Gb  main.o [1]
void FieldValueBase<USART2_CR1_TXEIE_Values<USART2::CR1, (unsigned int)7, (unsigned int)1, ReadWriteMode, USART2::USART2CR1Base>, USART2::USART2CR1Base, (unsigned int)0>::Set<ReadWriteMode, void>()
                         0x800'd771    0x10  Code  Gb  irqcontroller.o [1]
void FieldValueBase<USART2_CR1_TXEIE_Values<USART2::CR1, (unsigned int)7, (unsigned int)1, ReadWriteMode, USART2::USART2CR1Base>, USART2::USART2CR1Base, (unsigned int)1>::Set<ReadWriteMode, void>()
                         0x800'cbdd    0x14  Code  Gb  main.o [1]
void FieldValueBase<USART2_CR1_UE_Values<USART2::CR1, (unsigned int)13, (unsigned int)1, ReadWriteMode, USART2::USART2CR1Base>, USART2::USART2CR1Base, (unsigned int)1>::Set<ReadWriteMode, void>()
                         0x800'b891    0x14  Code  Gb  main.o [1]
void FieldValueBase<USART2_CR2_STOP_Values<USART2::CR2, (unsigned int)12, (unsigned int)2, ReadWriteMode, USART2::USART2CR2Base>, USART2::USART2CR2Base, (unsigned int)0>::Set<ReadWriteMode, void>()
                         0x800'a48d    0x10  Code  Gb  main.o [1]
void OsWrapper::Rtos::CreateThread<BluetoothTask>(BluetoothTask &, char const *, OsWrapper::ThreadPriority)
                         0x800'aa09    0x24  Code  Gb  main.o [1]
void OsWrapper::Rtos::CreateThread<ButtonEventTask<Button<Pin<Port<GPIOC>, (unsigned char)13>>, event>>(ButtonEventTask<Button<Pin<Port<GPIOC>, (unsigned char)13>>, event> &, char const *, OsWrapper::ThreadPriority)
                         0x800'aa2d    0x22  Code  Gb  main.o [1]
void OsWrapper::Rtos::CreateThread<DisplayUpdateTask>(DisplayUpdateTask &, char const *, OsWrapper::ThreadPriority)
                         0x800'a9e5    0x24  Code  Gb  main.o [1]
void OsWrapper::Rtos::CreateThread<MeasurementTask<event>>(MeasurementTask<event> &, char const *, OsWrapper::ThreadPriority)
                         0x800'aa4f    0x22  Code  Gb  main.o [1]
void OsWrapper::RtosWrapper::wCreateThread<OsWrapper::Rtos, BluetoothTask>(BluetoothTask &, char const *, OsWrapper::ThreadPriority, unsigned short, unsigned int *)
                         0x800'af2d    0x38  Code  Gb  main.o [1]
void OsWrapper::RtosWrapper::wCreateThread<OsWrapper::Rtos, ButtonEventTask<Button<Pin<Port<GPIOC>, (unsigned char)13>>, event>>(ButtonEventTask<Button<Pin<Port<GPIOC>, (unsigned char)13>>, event> &, char const *, OsWrapper::ThreadPriority, unsigned short, unsigned int *)
                         0x800'af69    0x38  Code  Gb  main.o [1]
void OsWrapper::RtosWrapper::wCreateThread<OsWrapper::Rtos, DisplayUpdateTask>(DisplayUpdateTask &, char const *, OsWrapper::ThreadPriority, unsigned short, unsigned int *)
                         0x800'aef5    0x38  Code  Gb  main.o [1]
void OsWrapper::RtosWrapper::wCreateThread<OsWrapper::Rtos, MeasurementTask<event>>(MeasurementTask<event> &, char const *, OsWrapper::ThreadPriority, unsigned short, unsigned int *)
                         0x800'afa1    0x38  Code  Gb  main.o [1]
void Register<(unsigned int)1073873920, (unsigned int)32, ReadWriteMode, GPIOB::GPIOBMODERBase, FieldValue<GPIOB_MODER_MODER15_Values<GPIOB::MODER, (unsigned int)2, (unsigned int)2, ReadWriteMode, GPIOB::GPIOBMODERBase>, GPIOB::GPIOBMODERBase, (unsigned int)1, void>, FieldValue<GPIOB_MODER_MODER15_Values<GPIOB::MODER, (unsigned int)4, (unsigned int)2, ReadWriteMode, GPIOB::GPIOBMODERBase>, GPIOB::GPIOBMODERBase, (unsigned int)1, void>, FieldValue<GPIOB_MODER_MODER15_Values<GPIOB::MODER, (unsigned int)26, (unsigned int)2, ReadWriteMode, GPIOB::GPIOBMODERBase>, GPIOB::GPIOBMODERBase, (unsigned int)2, void>, FieldValue<GPIOB_MODER_MODER15_Values<GPIOB::MODER, (unsigned int)30, (unsigned int)2, ReadWriteMode, GPIOB::GPIOBMODERBase>, GPIOB::GPIOBMODERBase, (unsigned int)2, void>>::Set<ReadWriteMode, void>()
                         0x800'a705    0x1c  Code  Gb  main.o [1]
void Register<(unsigned int)1073873920, (unsigned int)32, ReadWriteMode, GPIOB::GPIOBMODERBase, FieldValue<GPIOB_MODER_MODER15_Values<GPIOB::MODER, (unsigned int)6, (unsigned int)2, ReadWriteMode, GPIOB::GPIOBMODERBase>, GPIOB::GPIOBMODERBase, (unsigned int)2, void>, FieldValue<GPIOB_MODER_MODER15_Values<GPIOB::MODER, (unsigned int)8, (unsigned int)2, ReadWriteMode, GPIOB::GPIOBMODERBase>, GPIOB::GPIOBMODERBase, (unsigned int)2, void>, FieldValue<GPIOB_MODER_MODER15_Values<GPIOB::MODER, (unsigned int)10, (unsigned int)2, ReadWriteMode, GPIOB::GPIOBMODERBase>, GPIOB::GPIOBMODERBase, (unsigned int)2, void>, FieldValue<GPIOB_MODER_MODER15_Values<GPIOB::MODER, (unsigned int)20, (unsigned int)2, ReadWriteMode, GPIOB::GPIOBMODERBase>, GPIOB::GPIOBMODERBase, (unsigned int)1, void>>::Set<ReadWriteMode, void>()
                         0x800'a829    0x1c  Code  Gb  main.o [1]
void Register<(unsigned int)1073873952, (unsigned int)32, ReadWriteMode, GPIOB::GPIOBAFRLBase, FieldValue<GPIOB_AFRL_AFRL7_Values<GPIOB::AFRL, (unsigned int)12, (unsigned int)4, ReadWriteMode, GPIOB::GPIOBAFRLBase>, GPIOB::GPIOBAFRLBase, (unsigned int)5, void>, FieldValue<GPIOB_AFRL_AFRL7_Values<GPIOB::AFRL, (unsigned int)16, (unsigned int)4, ReadWriteMode, GPIOB::GPIOBAFRLBase>, GPIOB::GPIOBAFRLBase, (unsigned int)5, void>, FieldValue<GPIOB_AFRL_AFRL7_Values<GPIOB::AFRL, (unsigned int)20, (unsigned int)4, ReadWriteMode, GPIOB::GPIOBAFRLBase>, GPIOB::GPIOBAFRLBase, (unsigned int)5, void>>::Set<ReadWriteMode, void>()
                         0x800'a845    0x18  Code  Gb  main.o [1]
void Register<(unsigned int)1073873956, (unsigned int)32, ReadWriteMode, GPIOB::GPIOBAFRHBase, FieldValue<GPIOB_AFRL_AFRL7_Values<GPIOB::AFRH, (unsigned int)20, (unsigned int)4, ReadWriteMode, GPIOB::GPIOBAFRHBase>, GPIOB::GPIOBAFRHBase, (unsigned int)5, void>, FieldValue<GPIOB_AFRL_AFRL7_Values<GPIOB::AFRH, (unsigned int)28, (unsigned int)4, ReadWriteMode, GPIOB::GPIOBAFRHBase>, GPIOB::GPIOBAFRHBase, (unsigned int)5, void>>::Set<ReadWriteMode, void>()
                         0x800'a721    0x1c  Code  Gb  main.o [1]
void Register<(unsigned int)1073874944, (unsigned int)32, ReadWriteMode, GPIOC::GPIOCMODERBase, FieldValue<GPIOC_MODER_MODER15_Values<GPIOC::MODER, (unsigned int)4, (unsigned int)2, ReadWriteMode, GPIOC::GPIOCMODERBase>, GPIOC::GPIOCMODERBase, (unsigned int)0, void>, FieldValue<GPIOC_MODER_MODER15_Values<GPIOC::MODER, (unsigned int)6, (unsigned int)2, ReadWriteMode, GPIOC::GPIOCMODERBase>, GPIOC::GPIOCMODERBase, (unsigned int)1, void>>::Set<ReadWriteMode, void>()
                         0x800'a749    0x14  Code  Gb  main.o [1]
void Register<(unsigned int)1073887280, (unsigned int)32, ReadWriteMode, RCC::RCCAHB1ENRBase, FieldValue<RCC_AHB1ENR_GPIOCEN_Values<RCC::AHB1ENR, (unsigned int)2, (unsigned int)1, ReadWriteMode, RCC::RCCAHB1ENRBase>, RCC::RCCAHB1ENRBase, (unsigned int)1, void>, FieldValue<RCC_AHB1ENR_GPIOBEN_Values<RCC::AHB1ENR, (unsigned int)1, (unsigned int)1, ReadWriteMode, RCC::RCCAHB1ENRBase>, RCC::RCCAHB1ENRBase, (unsigned int)1, void>, FieldValue<RCC_AHB1ENR_GPIOAEN_Values<RCC::AHB1ENR, (unsigned int)0, (unsigned int)1, ReadWriteMode, RCC::RCCAHB1ENRBase>, RCC::RCCAHB1ENRBase, (unsigned int)1, void>>::Set<ReadWriteMode, void>()
                         0x800'a5f5    0x14  Code  Gb  main.o [1]
void RegisterBase<(unsigned int)1073756172, (unsigned int)32, ReadWriteMode>::Write<ReadWriteMode, void>(unsigned int)
                         0x800'd7f1     0xc  Code  Gb  irqcontroller.o [1]
void RegisterBase<(unsigned int)1073759236, (unsigned int)32, ReadWriteMode>::Write<ReadWriteMode, void>(unsigned int)
                         0x800'd745     0xc  Code  Gb  irqcontroller.o [1]
void RegisterBase<(unsigned int)1073819660, (unsigned int)32, ReadWriteMode>::Write<ReadWriteMode, void>(unsigned int)
                         0x800'd05d     0xc  Code  Gb  irqcontroller.o [1]
void RegisterBase<(unsigned int)1073872916, (unsigned int)32, ReadWriteMode>::Toggle<ReadWriteMode, void>(unsigned int)
                         0x800'cc01    0x10  Code  Gb  main.o [1]
void RegisterBase<(unsigned int)1073873944, (unsigned int)32, WriteMode>::Write<WriteMode, void>(unsigned int)
                         0x800'b61d     0xc  Code  Gb  main.o [1]
void RegisterBase<(unsigned int)1073874944, (unsigned int)32, ReadWriteMode>::Write<ReadWriteMode, void>(unsigned int)
                         0x800'bad9     0xc  Code  Gb  main.o [1]
void RegisterBase<(unsigned int)1073874964, (unsigned int)32, ReadWriteMode>::Toggle<ReadWriteMode, void>(unsigned int)
                         0x800'c989    0x10  Code  Gb  main.o [1]
void RegisterBase<(unsigned int)1073874968, (unsigned int)32, WriteMode>::Write<WriteMode, void>(unsigned int)
                         0x800'bb19     0xc  Code  Gb  main.o [1]
void RegisterBase<(unsigned int)3758153988, (unsigned int)32, ReadWriteMode>::Write<ReadWriteMode, void>(unsigned int)
                         0x800'a4c1     0xc  Code  Gb  main.o [1]
void RegisterField<SPI2::CRCPR, (unsigned int)0, (unsigned int)16, ReadWriteMode, void>::Set<ReadWriteMode, void>(unsigned int)
                         0x800'a6d1    0x34  Code  Gb  main.o [1]
void RegisterField<SPI2::CRCPR, (unsigned int)0, (unsigned int)16, ReadWriteMode, void>::Set<ReadWriteMode, void>(unsigned int)::string
                         0x800'ce08    0x9c  Data  Gb  main.o [1]
void RegisterField<SPI2::CRCPR, (unsigned int)0, (unsigned int)16, ReadWriteMode, void>::Set<ReadWriteMode, void>(unsigned int)::string (instance 2)
                         0x800'd3c0    0x74  Data  Gb  main.o [1]
void RegisterField<USART2::BRR, (unsigned int)0, (unsigned int)4, ReadWriteMode, void>::Set<ReadWriteMode, void>(unsigned int)
                         0x800'a5c5    0x30  Code  Gb  main.o [1]
void RegisterField<USART2::BRR, (unsigned int)0, (unsigned int)4, ReadWriteMode, void>::Set<ReadWriteMode, void>(unsigned int)::string
                         0x800'cd6c    0x9c  Data  Gb  main.o [1]
void RegisterField<USART2::BRR, (unsigned int)0, (unsigned int)4, ReadWriteMode, void>::Set<ReadWriteMode, void>(unsigned int)::string (instance 2)
                         0x800'd34c    0x74  Data  Gb  main.o [1]
void RegisterField<USART2::BRR, (unsigned int)4, (unsigned int)12, ReadWriteMode, void>::Set<ReadWriteMode, void>(unsigned int)
                         0x800'a591    0x34  Code  Gb  main.o [1]
void RegisterField<USART2::BRR, (unsigned int)4, (unsigned int)12, ReadWriteMode, void>::Set<ReadWriteMode, void>(unsigned int)::string
                         0x800'ccd0    0x9c  Data  Gb  main.o [1]
void RegisterField<USART2::BRR, (unsigned int)4, (unsigned int)12, ReadWriteMode, void>::Set<ReadWriteMode, void>(unsigned int)::string (instance 2)
                         0x800'd2d8    0x74  Data  Gb  main.o [1]
void std::_Deallocate<char>(char *, unsigned int)
                         0x800'b92b     0xe  Code  Gb  main.o [1]
void std::_Wrap_alloc<std::allocator<char>>::construct<char *, char *>(char * *, char * &&...)
                         0x800'bb6b    0x1a  Code  Gb  main.o [1]
void std::_Wrap_alloc<std::allocator<char>>::destroy<char *>(char * *)
                         0x800'b037    0x10  Code  Gb  main.o [1]
void std::allocator<char>::construct<char *, char *>(char * *, char * &&...)
                         0x800'bc9b    0x26  Code  Gb  main.o [1]
void std::allocator<char>::destroy<char *>(char * *)
                         0x800'b929     0x2  Code  Gb  main.o [1]
void std::allocator_traits<std::allocator<char>>::construct<char *, char *>(std::allocator<char>&, char * *, char * &&...)
                         0x800'bc51    0x1a  Code  Gb  main.o [1]
void std::allocator_traits<std::allocator<char>>::destroy<char *>(std::allocator<char>&, char * *)
                         0x800'b669    0x10  Code  Gb  main.o [1]
xActiveTimerList1       0x2000'b068    0x14  Data  Lc  timers.o [1]
xActiveTimerList2       0x2000'b07c    0x14  Data  Lc  timers.o [1]
xDelayedTaskList1       0x2000'b018    0x14  Data  Lc  tasks.o [1]
xDelayedTaskList2       0x2000'b02c    0x14  Data  Lc  tasks.o [1]
xEventGroupCreateStatic
                         0x800'b22d    0x18  Code  Gb  event_groups.o [1]
xEventGroupSetBits       0x800'b339    0xac  Code  Gb  event_groups.o [1]
xEventGroupWaitBits      0x800'b245    0xee  Code  Gb  event_groups.o [1]
xIdleTaskHandle         0x2000'b0c8     0x4  Data  Lc  tasks.o [1]
xNextTaskUnblockTime    0x2000'b0c4     0x4  Data  Lc  tasks.o [1]
xNumOfOverflows         0x2000'b0bc     0x4  Data  Lc  tasks.o [1]
xPendingReadyList       0x2000'b040    0x14  Data  Lc  tasks.o [1]
xPortPendSVHandler       0x800'9635          Code  Gb  portasm.o [1]
xPortStartScheduler      0x800'90d1    0x88  Code  Gb  port.o [1]
xPortSysTickHandler      0x800'9191    0x28  Code  Gb  port.o [1]
xQueueGenericCreateStatic
                         0x800'975d    0x4c  Code  Gb  queue.o [1]
xQueueGenericReceive     0x800'99db   0x194  Code  Gb  queue.o [1]
xQueueGenericReset       0x800'96dd    0x80  Code  Gb  queue.o [1]
xQueueGenericSend        0x800'97db   0x15a  Code  Gb  queue.o [1]
xQueueGenericSendFromISR
                         0x800'9935    0xa6  Code  Gb  queue.o [1]
xQueueRegistry          0x2000'af18    0x40  Data  Gb  queue.o [1]
xSchedulerRunning       0x2000'b0b0     0x4  Data  Lc  tasks.o [1]
xSuspendedTaskList      0x2000'b054    0x14  Data  Lc  tasks.o [1]
xTaskCheckForTimeOut     0x800'8c87    0x5a  Code  Gb  tasks.o [1]
xTaskCreateStatic        0x800'8691    0x50  Code  Gb  tasks.o [1]
xTaskGetSchedulerState   0x800'8d71    0x1e  Code  Gb  tasks.o [1]
xTaskGetTickCount        0x800'89c7     0x8  Code  Gb  tasks.o [1]
xTaskIncrementTick       0x800'89cf   0x100  Code  Gb  tasks.o [1]
xTaskPriorityDisinherit
                         0x800'8e29    0x82  Code  Gb  tasks.o [1]
xTaskRemoveFromEventList
                         0x800'8ba3    0x70  Code  Gb  tasks.o [1]
xTaskRemoveFromUnorderedEventList
                         0x800'8c13    0x62  Code  Gb  tasks.o [1]
xTaskResumeAll           0x800'88f3    0xd4  Code  Gb  tasks.o [1]
xTickCount              0x2000'b0a8     0x4  Data  Lc  tasks.o [1]
xTimerCreateTimerTask    0x800'9221    0x58  Code  Gb  timers.o [1]
xTimerGenericCommand     0x800'9279    0x6e  Code  Gb  timers.o [1]
xTimerPendFunctionCallFromISR
                         0x800'95d9    0x2a  Code  Gb  timers.o [1]
xTimerQueue             0x2000'b0d8     0x4  Data  Lc  timers.o [1]
xTimerTaskHandle        0x2000'b0dc     0x4  Data  Lc  timers.o [1]
xYieldPending           0x2000'b0b8     0x4  Data  Lc  tasks.o [1]


[1] = D:\Nikolaos\My Documents\IAR projects\CourseWork-main2\CourseWorkIARproject\Debug\Obj
[2] = dl7M_tln.a
[3] = dlpp7M_tl_nc.a
[4] = m7M_tls.a
[5] = rt7M_tl.a
[6] = shb_l.a

  32'124 bytes of readonly  code memory
  26'241 bytes of readonly  data memory
  49'851 bytes of readwrite data memory

Errors: none
Warnings: none
